[0.600s] DEBUG:colcon:Command line arguments: ['/usr/bin/colcon', 'list', '-p', '--base-paths', '/home/nvidia/ros_ws']
[0.600s] DEBUG:colcon:Parsed command line arguments: Namespace(log_base=None, log_level=None, verb_name='list', build_base='build', ignore_user_meta=False, metas=['./colcon.meta'], base_paths=['/home/nvidia/ros_ws'], packages_ignore=None, packages_ignore_regex=None, paths=None, packages_up_to=None, packages_up_to_regex=None, packages_above=None, packages_above_and_dependencies=None, packages_above_depth=None, packages_select_by_dep=None, packages_skip_by_dep=None, packages_skip_up_to=None, packages_select_build_failed=False, packages_skip_build_finished=False, packages_select_test_failures=False, packages_skip_test_passed=False, packages_select=None, packages_skip=None, packages_select_regex=None, packages_skip_regex=None, packages_start=None, packages_end=None, allow_overriding=[], topological_order=False, names_only=False, paths_only=True, topological_graph=False, topological_graph_dot=False, topological_graph_density=False, topological_graph_legend=False, topological_graph_dot_cluster=False, topological_graph_dot_include_skipped=False, mixin_files=None, mixin=None, verb_parser=<colcon_mixin.mixin.mixin_argument.MixinArgumentDecorator object at 0xffffaedeea80>, verb_extension=<colcon_package_information.verb.list.ListVerb object at 0xffffaedecef0>, main=<bound method ListVerb.main of <colcon_package_information.verb.list.ListVerb object at 0xffffaedecef0>>, mixin_verb=('list',))
[0.829s] Level 1:colcon.colcon_core.package_discovery:discover_packages(colcon_meta) check parameters
[0.830s] Level 1:colcon.colcon_core.package_discovery:discover_packages(recursive) check parameters
[0.830s] Level 1:colcon.colcon_core.package_discovery:discover_packages(ignore) check parameters
[0.830s] Level 1:colcon.colcon_core.package_discovery:discover_packages(path) check parameters
[0.830s] Level 1:colcon.colcon_core.package_discovery:discover_packages(recursive) discover
[0.830s] INFO:colcon.colcon_core.package_discovery:Crawling recursively for packages in '/home/nvidia/ros_ws'
[0.831s] Level 1:colcon.colcon_core.package_identification:_identify(/home/nvidia/ros_ws) by extensions ['ignore', 'ignore_ament_install']
[0.831s] Level 1:colcon.colcon_core.package_identification:_identify(/home/nvidia/ros_ws) by extension 'ignore'
[0.831s] Level 1:colcon.colcon_core.package_identification:_identify(/home/nvidia/ros_ws) by extension 'ignore_ament_install'
[0.831s] Level 1:colcon.colcon_core.package_identification:_identify(/home/nvidia/ros_ws) by extensions ['colcon_pkg']
[0.831s] Level 1:colcon.colcon_core.package_identification:_identify(/home/nvidia/ros_ws) by extension 'colcon_pkg'
[0.831s] Level 1:colcon.colcon_core.package_identification:_identify(/home/nvidia/ros_ws) by extensions ['colcon_meta']
[0.831s] Level 1:colcon.colcon_core.package_identification:_identify(/home/nvidia/ros_ws) by extension 'colcon_meta'
[0.832s] Level 1:colcon.colcon_core.package_identification:_identify(/home/nvidia/ros_ws) by extensions ['ros']
[0.832s] Level 1:colcon.colcon_core.package_identification:_identify(/home/nvidia/ros_ws) by extension 'ros'
[0.916s] Level 1:colcon.colcon_core.package_identification:_identify(/home/nvidia/ros_ws) by extensions ['cmake', 'python']
[0.918s] Level 1:colcon.colcon_core.package_identification:_identify(/home/nvidia/ros_ws) by extension 'cmake'
[0.918s] Level 1:colcon.colcon_core.package_identification:_identify(/home/nvidia/ros_ws) by extension 'python'
[0.918s] Level 1:colcon.colcon_core.package_identification:_identify(/home/nvidia/ros_ws) by extensions ['python_setup_py']
[0.918s] Level 1:colcon.colcon_core.package_identification:_identify(/home/nvidia/ros_ws) by extension 'python_setup_py'
[0.919s] Level 1:colcon.colcon_core.package_identification:_identify(/home/nvidia/ros_ws/__pycache__) by extensions ['ignore', 'ignore_ament_install']
[0.919s] Level 1:colcon.colcon_core.package_identification:_identify(/home/nvidia/ros_ws/__pycache__) by extension 'ignore'
[0.919s] Level 1:colcon.colcon_core.package_identification:_identify(/home/nvidia/ros_ws/__pycache__) by extension 'ignore_ament_install'
[0.920s] Level 1:colcon.colcon_core.package_identification:_identify(/home/nvidia/ros_ws/__pycache__) by extensions ['colcon_pkg']
[0.920s] Level 1:colcon.colcon_core.package_identification:_identify(/home/nvidia/ros_ws/__pycache__) by extension 'colcon_pkg'
[0.920s] Level 1:colcon.colcon_core.package_identification:_identify(/home/nvidia/ros_ws/__pycache__) by extensions ['colcon_meta']
[0.920s] Level 1:colcon.colcon_core.package_identification:_identify(/home/nvidia/ros_ws/__pycache__) by extension 'colcon_meta'
[0.920s] Level 1:colcon.colcon_core.package_identification:_identify(/home/nvidia/ros_ws/__pycache__) by extensions ['ros']
[0.920s] Level 1:colcon.colcon_core.package_identification:_identify(/home/nvidia/ros_ws/__pycache__) by extension 'ros'
[0.922s] Level 1:colcon.colcon_core.package_identification:_identify(/home/nvidia/ros_ws/__pycache__) by extensions ['cmake', 'python']
[0.922s] Level 1:colcon.colcon_core.package_identification:_identify(/home/nvidia/ros_ws/__pycache__) by extension 'cmake'
[0.922s] Level 1:colcon.colcon_core.package_identification:_identify(/home/nvidia/ros_ws/__pycache__) by extension 'python'
[0.922s] Level 1:colcon.colcon_core.package_identification:_identify(/home/nvidia/ros_ws/__pycache__) by extensions ['python_setup_py']
[0.922s] Level 1:colcon.colcon_core.package_identification:_identify(/home/nvidia/ros_ws/__pycache__) by extension 'python_setup_py'
[0.922s] Level 1:colcon.colcon_core.package_identification:_identify(/home/nvidia/ros_ws/build) by extensions ['ignore', 'ignore_ament_install']
[0.923s] Level 1:colcon.colcon_core.package_identification:_identify(/home/nvidia/ros_ws/build) by extension 'ignore'
[0.923s] Level 1:colcon.colcon_core.package_identification:_identify(/home/nvidia/ros_ws/build) ignored
[0.923s] Level 1:colcon.colcon_core.package_identification:_identify(/home/nvidia/ros_ws/docs) by extensions ['ignore', 'ignore_ament_install']
[0.923s] Level 1:colcon.colcon_core.package_identification:_identify(/home/nvidia/ros_ws/docs) by extension 'ignore'
[0.923s] Level 1:colcon.colcon_core.package_identification:_identify(/home/nvidia/ros_ws/docs) by extension 'ignore_ament_install'
[0.924s] Level 1:colcon.colcon_core.package_identification:_identify(/home/nvidia/ros_ws/docs) by extensions ['colcon_pkg']
[0.924s] Level 1:colcon.colcon_core.package_identification:_identify(/home/nvidia/ros_ws/docs) by extension 'colcon_pkg'
[0.924s] Level 1:colcon.colcon_core.package_identification:_identify(/home/nvidia/ros_ws/docs) by extensions ['colcon_meta']
[0.924s] Level 1:colcon.colcon_core.package_identification:_identify(/home/nvidia/ros_ws/docs) by extension 'colcon_meta'
[0.924s] Level 1:colcon.colcon_core.package_identification:_identify(/home/nvidia/ros_ws/docs) by extensions ['ros']
[0.924s] Level 1:colcon.colcon_core.package_identification:_identify(/home/nvidia/ros_ws/docs) by extension 'ros'
[0.924s] Level 1:colcon.colcon_core.package_identification:_identify(/home/nvidia/ros_ws/docs) by extensions ['cmake', 'python']
[0.924s] Level 1:colcon.colcon_core.package_identification:_identify(/home/nvidia/ros_ws/docs) by extension 'cmake'
[0.924s] Level 1:colcon.colcon_core.package_identification:_identify(/home/nvidia/ros_ws/docs) by extension 'python'
[0.924s] Level 1:colcon.colcon_core.package_identification:_identify(/home/nvidia/ros_ws/docs) by extensions ['python_setup_py']
[0.924s] Level 1:colcon.colcon_core.package_identification:_identify(/home/nvidia/ros_ws/docs) by extension 'python_setup_py'
[0.925s] Level 1:colcon.colcon_core.package_identification:_identify(/home/nvidia/ros_ws/docs/_site) by extensions ['ignore', 'ignore_ament_install']
[0.925s] Level 1:colcon.colcon_core.package_identification:_identify(/home/nvidia/ros_ws/docs/_site) by extension 'ignore'
[0.925s] Level 1:colcon.colcon_core.package_identification:_identify(/home/nvidia/ros_ws/docs/_site) by extension 'ignore_ament_install'
[0.925s] Level 1:colcon.colcon_core.package_identification:_identify(/home/nvidia/ros_ws/docs/_site) by extensions ['colcon_pkg']
[0.925s] Level 1:colcon.colcon_core.package_identification:_identify(/home/nvidia/ros_ws/docs/_site) by extension 'colcon_pkg'
[0.925s] Level 1:colcon.colcon_core.package_identification:_identify(/home/nvidia/ros_ws/docs/_site) by extensions ['colcon_meta']
[0.925s] Level 1:colcon.colcon_core.package_identification:_identify(/home/nvidia/ros_ws/docs/_site) by extension 'colcon_meta'
[0.926s] Level 1:colcon.colcon_core.package_identification:_identify(/home/nvidia/ros_ws/docs/_site) by extensions ['ros']
[0.926s] Level 1:colcon.colcon_core.package_identification:_identify(/home/nvidia/ros_ws/docs/_site) by extension 'ros'
[0.926s] Level 1:colcon.colcon_core.package_identification:_identify(/home/nvidia/ros_ws/docs/_site) by extensions ['cmake', 'python']
[0.926s] Level 1:colcon.colcon_core.package_identification:_identify(/home/nvidia/ros_ws/docs/_site) by extension 'cmake'
[0.926s] Level 1:colcon.colcon_core.package_identification:_identify(/home/nvidia/ros_ws/docs/_site) by extension 'python'
[0.926s] Level 1:colcon.colcon_core.package_identification:_identify(/home/nvidia/ros_ws/docs/_site) by extensions ['python_setup_py']
[0.926s] Level 1:colcon.colcon_core.package_identification:_identify(/home/nvidia/ros_ws/docs/_site) by extension 'python_setup_py'
[0.926s] Level 1:colcon.colcon_core.package_identification:_identify(/home/nvidia/ros_ws/docs/_site/about) by extensions ['ignore', 'ignore_ament_install']
[0.926s] Level 1:colcon.colcon_core.package_identification:_identify(/home/nvidia/ros_ws/docs/_site/about) by extension 'ignore'
[0.927s] Level 1:colcon.colcon_core.package_identification:_identify(/home/nvidia/ros_ws/docs/_site/about) by extension 'ignore_ament_install'
[0.927s] Level 1:colcon.colcon_core.package_identification:_identify(/home/nvidia/ros_ws/docs/_site/about) by extensions ['colcon_pkg']
[0.927s] Level 1:colcon.colcon_core.package_identification:_identify(/home/nvidia/ros_ws/docs/_site/about) by extension 'colcon_pkg'
[0.927s] Level 1:colcon.colcon_core.package_identification:_identify(/home/nvidia/ros_ws/docs/_site/about) by extensions ['colcon_meta']
[0.927s] Level 1:colcon.colcon_core.package_identification:_identify(/home/nvidia/ros_ws/docs/_site/about) by extension 'colcon_meta'
[0.927s] Level 1:colcon.colcon_core.package_identification:_identify(/home/nvidia/ros_ws/docs/_site/about) by extensions ['ros']
[0.927s] Level 1:colcon.colcon_core.package_identification:_identify(/home/nvidia/ros_ws/docs/_site/about) by extension 'ros'
[0.927s] Level 1:colcon.colcon_core.package_identification:_identify(/home/nvidia/ros_ws/docs/_site/about) by extensions ['cmake', 'python']
[0.927s] Level 1:colcon.colcon_core.package_identification:_identify(/home/nvidia/ros_ws/docs/_site/about) by extension 'cmake'
[0.927s] Level 1:colcon.colcon_core.package_identification:_identify(/home/nvidia/ros_ws/docs/_site/about) by extension 'python'
[0.927s] Level 1:colcon.colcon_core.package_identification:_identify(/home/nvidia/ros_ws/docs/_site/about) by extensions ['python_setup_py']
[0.928s] Level 1:colcon.colcon_core.package_identification:_identify(/home/nvidia/ros_ws/docs/_site/about) by extension 'python_setup_py'
[0.928s] Level 1:colcon.colcon_core.package_identification:_identify(/home/nvidia/ros_ws/docs/_site/assets) by extensions ['ignore', 'ignore_ament_install']
[0.928s] Level 1:colcon.colcon_core.package_identification:_identify(/home/nvidia/ros_ws/docs/_site/assets) by extension 'ignore'
[0.928s] Level 1:colcon.colcon_core.package_identification:_identify(/home/nvidia/ros_ws/docs/_site/assets) by extension 'ignore_ament_install'
[0.928s] Level 1:colcon.colcon_core.package_identification:_identify(/home/nvidia/ros_ws/docs/_site/assets) by extensions ['colcon_pkg']
[0.928s] Level 1:colcon.colcon_core.package_identification:_identify(/home/nvidia/ros_ws/docs/_site/assets) by extension 'colcon_pkg'
[0.928s] Level 1:colcon.colcon_core.package_identification:_identify(/home/nvidia/ros_ws/docs/_site/assets) by extensions ['colcon_meta']
[0.929s] Level 1:colcon.colcon_core.package_identification:_identify(/home/nvidia/ros_ws/docs/_site/assets) by extension 'colcon_meta'
[0.929s] Level 1:colcon.colcon_core.package_identification:_identify(/home/nvidia/ros_ws/docs/_site/assets) by extensions ['ros']
[0.929s] Level 1:colcon.colcon_core.package_identification:_identify(/home/nvidia/ros_ws/docs/_site/assets) by extension 'ros'
[0.930s] Level 1:colcon.colcon_core.package_identification:_identify(/home/nvidia/ros_ws/docs/_site/assets) by extensions ['cmake', 'python']
[0.930s] Level 1:colcon.colcon_core.package_identification:_identify(/home/nvidia/ros_ws/docs/_site/assets) by extension 'cmake'
[0.930s] Level 1:colcon.colcon_core.package_identification:_identify(/home/nvidia/ros_ws/docs/_site/assets) by extension 'python'
[0.930s] Level 1:colcon.colcon_core.package_identification:_identify(/home/nvidia/ros_ws/docs/_site/assets) by extensions ['python_setup_py']
[0.930s] Level 1:colcon.colcon_core.package_identification:_identify(/home/nvidia/ros_ws/docs/_site/assets) by extension 'python_setup_py'
[0.930s] Level 1:colcon.colcon_core.package_identification:_identify(/home/nvidia/ros_ws/docs/_site/assets/css) by extensions ['ignore', 'ignore_ament_install']
[0.930s] Level 1:colcon.colcon_core.package_identification:_identify(/home/nvidia/ros_ws/docs/_site/assets/css) by extension 'ignore'
[0.930s] Level 1:colcon.colcon_core.package_identification:_identify(/home/nvidia/ros_ws/docs/_site/assets/css) by extension 'ignore_ament_install'
[0.931s] Level 1:colcon.colcon_core.package_identification:_identify(/home/nvidia/ros_ws/docs/_site/assets/css) by extensions ['colcon_pkg']
[0.931s] Level 1:colcon.colcon_core.package_identification:_identify(/home/nvidia/ros_ws/docs/_site/assets/css) by extension 'colcon_pkg'
[0.931s] Level 1:colcon.colcon_core.package_identification:_identify(/home/nvidia/ros_ws/docs/_site/assets/css) by extensions ['colcon_meta']
[0.931s] Level 1:colcon.colcon_core.package_identification:_identify(/home/nvidia/ros_ws/docs/_site/assets/css) by extension 'colcon_meta'
[0.931s] Level 1:colcon.colcon_core.package_identification:_identify(/home/nvidia/ros_ws/docs/_site/assets/css) by extensions ['ros']
[0.931s] Level 1:colcon.colcon_core.package_identification:_identify(/home/nvidia/ros_ws/docs/_site/assets/css) by extension 'ros'
[0.931s] Level 1:colcon.colcon_core.package_identification:_identify(/home/nvidia/ros_ws/docs/_site/assets/css) by extensions ['cmake', 'python']
[0.931s] Level 1:colcon.colcon_core.package_identification:_identify(/home/nvidia/ros_ws/docs/_site/assets/css) by extension 'cmake'
[0.932s] Level 1:colcon.colcon_core.package_identification:_identify(/home/nvidia/ros_ws/docs/_site/assets/css) by extension 'python'
[0.932s] Level 1:colcon.colcon_core.package_identification:_identify(/home/nvidia/ros_ws/docs/_site/assets/css) by extensions ['python_setup_py']
[0.932s] Level 1:colcon.colcon_core.package_identification:_identify(/home/nvidia/ros_ws/docs/_site/assets/css) by extension 'python_setup_py'
[0.932s] Level 1:colcon.colcon_core.package_identification:_identify(/home/nvidia/ros_ws/docs/_site/assets/data) by extensions ['ignore', 'ignore_ament_install']
[0.932s] Level 1:colcon.colcon_core.package_identification:_identify(/home/nvidia/ros_ws/docs/_site/assets/data) by extension 'ignore'
[0.932s] Level 1:colcon.colcon_core.package_identification:_identify(/home/nvidia/ros_ws/docs/_site/assets/data) by extension 'ignore_ament_install'
[0.932s] Level 1:colcon.colcon_core.package_identification:_identify(/home/nvidia/ros_ws/docs/_site/assets/data) by extensions ['colcon_pkg']
[0.932s] Level 1:colcon.colcon_core.package_identification:_identify(/home/nvidia/ros_ws/docs/_site/assets/data) by extension 'colcon_pkg'
[0.933s] Level 1:colcon.colcon_core.package_identification:_identify(/home/nvidia/ros_ws/docs/_site/assets/data) by extensions ['colcon_meta']
[0.933s] Level 1:colcon.colcon_core.package_identification:_identify(/home/nvidia/ros_ws/docs/_site/assets/data) by extension 'colcon_meta'
[0.933s] Level 1:colcon.colcon_core.package_identification:_identify(/home/nvidia/ros_ws/docs/_site/assets/data) by extensions ['ros']
[0.933s] Level 1:colcon.colcon_core.package_identification:_identify(/home/nvidia/ros_ws/docs/_site/assets/data) by extension 'ros'
[0.933s] Level 1:colcon.colcon_core.package_identification:_identify(/home/nvidia/ros_ws/docs/_site/assets/data) by extensions ['cmake', 'python']
[0.933s] Level 1:colcon.colcon_core.package_identification:_identify(/home/nvidia/ros_ws/docs/_site/assets/data) by extension 'cmake'
[0.933s] Level 1:colcon.colcon_core.package_identification:_identify(/home/nvidia/ros_ws/docs/_site/assets/data) by extension 'python'
[0.933s] Level 1:colcon.colcon_core.package_identification:_identify(/home/nvidia/ros_ws/docs/_site/assets/data) by extensions ['python_setup_py']
[0.933s] Level 1:colcon.colcon_core.package_identification:_identify(/home/nvidia/ros_ws/docs/_site/assets/data) by extension 'python_setup_py'
[0.933s] Level 1:colcon.colcon_core.package_identification:_identify(/home/nvidia/ros_ws/docs/_site/assets/icons) by extensions ['ignore', 'ignore_ament_install']
[0.934s] Level 1:colcon.colcon_core.package_identification:_identify(/home/nvidia/ros_ws/docs/_site/assets/icons) by extension 'ignore'
[0.934s] Level 1:colcon.colcon_core.package_identification:_identify(/home/nvidia/ros_ws/docs/_site/assets/icons) by extension 'ignore_ament_install'
[0.934s] Level 1:colcon.colcon_core.package_identification:_identify(/home/nvidia/ros_ws/docs/_site/assets/icons) by extensions ['colcon_pkg']
[0.934s] Level 1:colcon.colcon_core.package_identification:_identify(/home/nvidia/ros_ws/docs/_site/assets/icons) by extension 'colcon_pkg'
[0.934s] Level 1:colcon.colcon_core.package_identification:_identify(/home/nvidia/ros_ws/docs/_site/assets/icons) by extensions ['colcon_meta']
[0.934s] Level 1:colcon.colcon_core.package_identification:_identify(/home/nvidia/ros_ws/docs/_site/assets/icons) by extension 'colcon_meta'
[0.934s] Level 1:colcon.colcon_core.package_identification:_identify(/home/nvidia/ros_ws/docs/_site/assets/icons) by extensions ['ros']
[0.934s] Level 1:colcon.colcon_core.package_identification:_identify(/home/nvidia/ros_ws/docs/_site/assets/icons) by extension 'ros'
[0.935s] Level 1:colcon.colcon_core.package_identification:_identify(/home/nvidia/ros_ws/docs/_site/assets/icons) by extensions ['cmake', 'python']
[0.935s] Level 1:colcon.colcon_core.package_identification:_identify(/home/nvidia/ros_ws/docs/_site/assets/icons) by extension 'cmake'
[0.936s] Level 1:colcon.colcon_core.package_identification:_identify(/home/nvidia/ros_ws/docs/_site/assets/icons) by extension 'python'
[0.937s] Level 1:colcon.colcon_core.package_identification:_identify(/home/nvidia/ros_ws/docs/_site/assets/icons) by extensions ['python_setup_py']
[0.937s] Level 1:colcon.colcon_core.package_identification:_identify(/home/nvidia/ros_ws/docs/_site/assets/icons) by extension 'python_setup_py'
[0.937s] Level 1:colcon.colcon_core.package_identification:_identify(/home/nvidia/ros_ws/docs/_site/assets/js) by extensions ['ignore', 'ignore_ament_install']
[0.937s] Level 1:colcon.colcon_core.package_identification:_identify(/home/nvidia/ros_ws/docs/_site/assets/js) by extension 'ignore'
[0.938s] Level 1:colcon.colcon_core.package_identification:_identify(/home/nvidia/ros_ws/docs/_site/assets/js) by extension 'ignore_ament_install'
[0.938s] Level 1:colcon.colcon_core.package_identification:_identify(/home/nvidia/ros_ws/docs/_site/assets/js) by extensions ['colcon_pkg']
[0.938s] Level 1:colcon.colcon_core.package_identification:_identify(/home/nvidia/ros_ws/docs/_site/assets/js) by extension 'colcon_pkg'
[0.938s] Level 1:colcon.colcon_core.package_identification:_identify(/home/nvidia/ros_ws/docs/_site/assets/js) by extensions ['colcon_meta']
[0.938s] Level 1:colcon.colcon_core.package_identification:_identify(/home/nvidia/ros_ws/docs/_site/assets/js) by extension 'colcon_meta'
[0.939s] Level 1:colcon.colcon_core.package_identification:_identify(/home/nvidia/ros_ws/docs/_site/assets/js) by extensions ['ros']
[0.939s] Level 1:colcon.colcon_core.package_identification:_identify(/home/nvidia/ros_ws/docs/_site/assets/js) by extension 'ros'
[0.939s] Level 1:colcon.colcon_core.package_identification:_identify(/home/nvidia/ros_ws/docs/_site/assets/js) by extensions ['cmake', 'python']
[0.939s] Level 1:colcon.colcon_core.package_identification:_identify(/home/nvidia/ros_ws/docs/_site/assets/js) by extension 'cmake'
[0.939s] Level 1:colcon.colcon_core.package_identification:_identify(/home/nvidia/ros_ws/docs/_site/assets/js) by extension 'python'
[0.939s] Level 1:colcon.colcon_core.package_identification:_identify(/home/nvidia/ros_ws/docs/_site/assets/js) by extensions ['python_setup_py']
[0.939s] Level 1:colcon.colcon_core.package_identification:_identify(/home/nvidia/ros_ws/docs/_site/assets/js) by extension 'python_setup_py'
[0.940s] Level 1:colcon.colcon_core.package_identification:_identify(/home/nvidia/ros_ws/docs/_site/commands) by extensions ['ignore', 'ignore_ament_install']
[0.940s] Level 1:colcon.colcon_core.package_identification:_identify(/home/nvidia/ros_ws/docs/_site/commands) by extension 'ignore'
[0.940s] Level 1:colcon.colcon_core.package_identification:_identify(/home/nvidia/ros_ws/docs/_site/commands) by extension 'ignore_ament_install'
[0.940s] Level 1:colcon.colcon_core.package_identification:_identify(/home/nvidia/ros_ws/docs/_site/commands) by extensions ['colcon_pkg']
[0.940s] Level 1:colcon.colcon_core.package_identification:_identify(/home/nvidia/ros_ws/docs/_site/commands) by extension 'colcon_pkg'
[0.940s] Level 1:colcon.colcon_core.package_identification:_identify(/home/nvidia/ros_ws/docs/_site/commands) by extensions ['colcon_meta']
[0.940s] Level 1:colcon.colcon_core.package_identification:_identify(/home/nvidia/ros_ws/docs/_site/commands) by extension 'colcon_meta'
[0.940s] Level 1:colcon.colcon_core.package_identification:_identify(/home/nvidia/ros_ws/docs/_site/commands) by extensions ['ros']
[0.940s] Level 1:colcon.colcon_core.package_identification:_identify(/home/nvidia/ros_ws/docs/_site/commands) by extension 'ros'
[0.941s] Level 1:colcon.colcon_core.package_identification:_identify(/home/nvidia/ros_ws/docs/_site/commands) by extensions ['cmake', 'python']
[0.941s] Level 1:colcon.colcon_core.package_identification:_identify(/home/nvidia/ros_ws/docs/_site/commands) by extension 'cmake'
[0.941s] Level 1:colcon.colcon_core.package_identification:_identify(/home/nvidia/ros_ws/docs/_site/commands) by extension 'python'
[0.941s] Level 1:colcon.colcon_core.package_identification:_identify(/home/nvidia/ros_ws/docs/_site/commands) by extensions ['python_setup_py']
[0.941s] Level 1:colcon.colcon_core.package_identification:_identify(/home/nvidia/ros_ws/docs/_site/commands) by extension 'python_setup_py'
[0.941s] Level 1:colcon.colcon_core.package_identification:_identify(/home/nvidia/ros_ws/docs/_site/ros2) by extensions ['ignore', 'ignore_ament_install']
[0.941s] Level 1:colcon.colcon_core.package_identification:_identify(/home/nvidia/ros_ws/docs/_site/ros2) by extension 'ignore'
[0.941s] Level 1:colcon.colcon_core.package_identification:_identify(/home/nvidia/ros_ws/docs/_site/ros2) by extension 'ignore_ament_install'
[0.941s] Level 1:colcon.colcon_core.package_identification:_identify(/home/nvidia/ros_ws/docs/_site/ros2) by extensions ['colcon_pkg']
[0.942s] Level 1:colcon.colcon_core.package_identification:_identify(/home/nvidia/ros_ws/docs/_site/ros2) by extension 'colcon_pkg'
[0.942s] Level 1:colcon.colcon_core.package_identification:_identify(/home/nvidia/ros_ws/docs/_site/ros2) by extensions ['colcon_meta']
[0.942s] Level 1:colcon.colcon_core.package_identification:_identify(/home/nvidia/ros_ws/docs/_site/ros2) by extension 'colcon_meta'
[0.942s] Level 1:colcon.colcon_core.package_identification:_identify(/home/nvidia/ros_ws/docs/_site/ros2) by extensions ['ros']
[0.942s] Level 1:colcon.colcon_core.package_identification:_identify(/home/nvidia/ros_ws/docs/_site/ros2) by extension 'ros'
[0.942s] Level 1:colcon.colcon_core.package_identification:_identify(/home/nvidia/ros_ws/docs/_site/ros2) by extensions ['cmake', 'python']
[0.942s] Level 1:colcon.colcon_core.package_identification:_identify(/home/nvidia/ros_ws/docs/_site/ros2) by extension 'cmake'
[0.942s] Level 1:colcon.colcon_core.package_identification:_identify(/home/nvidia/ros_ws/docs/_site/ros2) by extension 'python'
[0.942s] Level 1:colcon.colcon_core.package_identification:_identify(/home/nvidia/ros_ws/docs/_site/ros2) by extensions ['python_setup_py']
[0.942s] Level 1:colcon.colcon_core.package_identification:_identify(/home/nvidia/ros_ws/docs/_site/ros2) by extension 'python_setup_py'
[0.943s] Level 1:colcon.colcon_core.package_identification:_identify(/home/nvidia/ros_ws/docs/_site/ros2/tutorial) by extensions ['ignore', 'ignore_ament_install']
[0.943s] Level 1:colcon.colcon_core.package_identification:_identify(/home/nvidia/ros_ws/docs/_site/ros2/tutorial) by extension 'ignore'
[0.943s] Level 1:colcon.colcon_core.package_identification:_identify(/home/nvidia/ros_ws/docs/_site/ros2/tutorial) by extension 'ignore_ament_install'
[0.943s] Level 1:colcon.colcon_core.package_identification:_identify(/home/nvidia/ros_ws/docs/_site/ros2/tutorial) by extensions ['colcon_pkg']
[0.943s] Level 1:colcon.colcon_core.package_identification:_identify(/home/nvidia/ros_ws/docs/_site/ros2/tutorial) by extension 'colcon_pkg'
[0.943s] Level 1:colcon.colcon_core.package_identification:_identify(/home/nvidia/ros_ws/docs/_site/ros2/tutorial) by extensions ['colcon_meta']
[0.943s] Level 1:colcon.colcon_core.package_identification:_identify(/home/nvidia/ros_ws/docs/_site/ros2/tutorial) by extension 'colcon_meta'
[0.943s] Level 1:colcon.colcon_core.package_identification:_identify(/home/nvidia/ros_ws/docs/_site/ros2/tutorial) by extensions ['ros']
[0.943s] Level 1:colcon.colcon_core.package_identification:_identify(/home/nvidia/ros_ws/docs/_site/ros2/tutorial) by extension 'ros'
[0.944s] Level 1:colcon.colcon_core.package_identification:_identify(/home/nvidia/ros_ws/docs/_site/ros2/tutorial) by extensions ['cmake', 'python']
[0.944s] Level 1:colcon.colcon_core.package_identification:_identify(/home/nvidia/ros_ws/docs/_site/ros2/tutorial) by extension 'cmake'
[0.944s] Level 1:colcon.colcon_core.package_identification:_identify(/home/nvidia/ros_ws/docs/_site/ros2/tutorial) by extension 'python'
[0.944s] Level 1:colcon.colcon_core.package_identification:_identify(/home/nvidia/ros_ws/docs/_site/ros2/tutorial) by extensions ['python_setup_py']
[0.944s] Level 1:colcon.colcon_core.package_identification:_identify(/home/nvidia/ros_ws/docs/_site/ros2/tutorial) by extension 'python_setup_py'
[0.944s] Level 1:colcon.colcon_core.package_identification:_identify(/home/nvidia/ros_ws/docs/_site/ros2/tutorial/2026) by extensions ['ignore', 'ignore_ament_install']
[0.944s] Level 1:colcon.colcon_core.package_identification:_identify(/home/nvidia/ros_ws/docs/_site/ros2/tutorial/2026) by extension 'ignore'
[0.944s] Level 1:colcon.colcon_core.package_identification:_identify(/home/nvidia/ros_ws/docs/_site/ros2/tutorial/2026) by extension 'ignore_ament_install'
[0.945s] Level 1:colcon.colcon_core.package_identification:_identify(/home/nvidia/ros_ws/docs/_site/ros2/tutorial/2026) by extensions ['colcon_pkg']
[0.945s] Level 1:colcon.colcon_core.package_identification:_identify(/home/nvidia/ros_ws/docs/_site/ros2/tutorial/2026) by extension 'colcon_pkg'
[0.945s] Level 1:colcon.colcon_core.package_identification:_identify(/home/nvidia/ros_ws/docs/_site/ros2/tutorial/2026) by extensions ['colcon_meta']
[0.945s] Level 1:colcon.colcon_core.package_identification:_identify(/home/nvidia/ros_ws/docs/_site/ros2/tutorial/2026) by extension 'colcon_meta'
[0.945s] Level 1:colcon.colcon_core.package_identification:_identify(/home/nvidia/ros_ws/docs/_site/ros2/tutorial/2026) by extensions ['ros']
[0.945s] Level 1:colcon.colcon_core.package_identification:_identify(/home/nvidia/ros_ws/docs/_site/ros2/tutorial/2026) by extension 'ros'
[0.945s] Level 1:colcon.colcon_core.package_identification:_identify(/home/nvidia/ros_ws/docs/_site/ros2/tutorial/2026) by extensions ['cmake', 'python']
[0.945s] Level 1:colcon.colcon_core.package_identification:_identify(/home/nvidia/ros_ws/docs/_site/ros2/tutorial/2026) by extension 'cmake'
[0.945s] Level 1:colcon.colcon_core.package_identification:_identify(/home/nvidia/ros_ws/docs/_site/ros2/tutorial/2026) by extension 'python'
[0.945s] Level 1:colcon.colcon_core.package_identification:_identify(/home/nvidia/ros_ws/docs/_site/ros2/tutorial/2026) by extensions ['python_setup_py']
[0.946s] Level 1:colcon.colcon_core.package_identification:_identify(/home/nvidia/ros_ws/docs/_site/ros2/tutorial/2026) by extension 'python_setup_py'
[0.946s] Level 1:colcon.colcon_core.package_identification:_identify(/home/nvidia/ros_ws/docs/_site/ros2/tutorial/2026/08) by extensions ['ignore', 'ignore_ament_install']
[0.947s] Level 1:colcon.colcon_core.package_identification:_identify(/home/nvidia/ros_ws/docs/_site/ros2/tutorial/2026/08) by extension 'ignore'
[0.947s] Level 1:colcon.colcon_core.package_identification:_identify(/home/nvidia/ros_ws/docs/_site/ros2/tutorial/2026/08) by extension 'ignore_ament_install'
[0.947s] Level 1:colcon.colcon_core.package_identification:_identify(/home/nvidia/ros_ws/docs/_site/ros2/tutorial/2026/08) by extensions ['colcon_pkg']
[0.947s] Level 1:colcon.colcon_core.package_identification:_identify(/home/nvidia/ros_ws/docs/_site/ros2/tutorial/2026/08) by extension 'colcon_pkg'
[0.947s] Level 1:colcon.colcon_core.package_identification:_identify(/home/nvidia/ros_ws/docs/_site/ros2/tutorial/2026/08) by extensions ['colcon_meta']
[0.947s] Level 1:colcon.colcon_core.package_identification:_identify(/home/nvidia/ros_ws/docs/_site/ros2/tutorial/2026/08) by extension 'colcon_meta'
[0.947s] Level 1:colcon.colcon_core.package_identification:_identify(/home/nvidia/ros_ws/docs/_site/ros2/tutorial/2026/08) by extensions ['ros']
[0.947s] Level 1:colcon.colcon_core.package_identification:_identify(/home/nvidia/ros_ws/docs/_site/ros2/tutorial/2026/08) by extension 'ros'
[0.948s] Level 1:colcon.colcon_core.package_identification:_identify(/home/nvidia/ros_ws/docs/_site/ros2/tutorial/2026/08) by extensions ['cmake', 'python']
[0.948s] Level 1:colcon.colcon_core.package_identification:_identify(/home/nvidia/ros_ws/docs/_site/ros2/tutorial/2026/08) by extension 'cmake'
[0.948s] Level 1:colcon.colcon_core.package_identification:_identify(/home/nvidia/ros_ws/docs/_site/ros2/tutorial/2026/08) by extension 'python'
[0.948s] Level 1:colcon.colcon_core.package_identification:_identify(/home/nvidia/ros_ws/docs/_site/ros2/tutorial/2026/08) by extensions ['python_setup_py']
[0.948s] Level 1:colcon.colcon_core.package_identification:_identify(/home/nvidia/ros_ws/docs/_site/ros2/tutorial/2026/08) by extension 'python_setup_py'
[0.949s] Level 1:colcon.colcon_core.package_identification:_identify(/home/nvidia/ros_ws/docs/_site/ros2/tutorial/2026/08/05) by extensions ['ignore', 'ignore_ament_install']
[0.950s] Level 1:colcon.colcon_core.package_identification:_identify(/home/nvidia/ros_ws/docs/_site/ros2/tutorial/2026/08/05) by extension 'ignore'
[0.950s] Level 1:colcon.colcon_core.package_identification:_identify(/home/nvidia/ros_ws/docs/_site/ros2/tutorial/2026/08/05) by extension 'ignore_ament_install'
[0.950s] Level 1:colcon.colcon_core.package_identification:_identify(/home/nvidia/ros_ws/docs/_site/ros2/tutorial/2026/08/05) by extensions ['colcon_pkg']
[0.950s] Level 1:colcon.colcon_core.package_identification:_identify(/home/nvidia/ros_ws/docs/_site/ros2/tutorial/2026/08/05) by extension 'colcon_pkg'
[0.950s] Level 1:colcon.colcon_core.package_identification:_identify(/home/nvidia/ros_ws/docs/_site/ros2/tutorial/2026/08/05) by extensions ['colcon_meta']
[0.950s] Level 1:colcon.colcon_core.package_identification:_identify(/home/nvidia/ros_ws/docs/_site/ros2/tutorial/2026/08/05) by extension 'colcon_meta'
[0.950s] Level 1:colcon.colcon_core.package_identification:_identify(/home/nvidia/ros_ws/docs/_site/ros2/tutorial/2026/08/05) by extensions ['ros']
[0.950s] Level 1:colcon.colcon_core.package_identification:_identify(/home/nvidia/ros_ws/docs/_site/ros2/tutorial/2026/08/05) by extension 'ros'
[0.951s] Level 1:colcon.colcon_core.package_identification:_identify(/home/nvidia/ros_ws/docs/_site/ros2/tutorial/2026/08/05) by extensions ['cmake', 'python']
[0.952s] Level 1:colcon.colcon_core.package_identification:_identify(/home/nvidia/ros_ws/docs/_site/ros2/tutorial/2026/08/05) by extension 'cmake'
[0.953s] Level 1:colcon.colcon_core.package_identification:_identify(/home/nvidia/ros_ws/docs/_site/ros2/tutorial/2026/08/05) by extension 'python'
[0.953s] Level 1:colcon.colcon_core.package_identification:_identify(/home/nvidia/ros_ws/docs/_site/ros2/tutorial/2026/08/05) by extensions ['python_setup_py']
[0.953s] Level 1:colcon.colcon_core.package_identification:_identify(/home/nvidia/ros_ws/docs/_site/ros2/tutorial/2026/08/05) by extension 'python_setup_py'
[0.954s] Level 1:colcon.colcon_core.package_identification:_identify(/home/nvidia/ros_ws/install) by extensions ['ignore', 'ignore_ament_install']
[0.954s] Level 1:colcon.colcon_core.package_identification:_identify(/home/nvidia/ros_ws/install) by extension 'ignore'
[0.954s] Level 1:colcon.colcon_core.package_identification:_identify(/home/nvidia/ros_ws/install) ignored
[0.954s] Level 1:colcon.colcon_core.package_identification:_identify(/home/nvidia/ros_ws/log) by extensions ['ignore', 'ignore_ament_install']
[0.954s] Level 1:colcon.colcon_core.package_identification:_identify(/home/nvidia/ros_ws/log) by extension 'ignore'
[0.954s] Level 1:colcon.colcon_core.package_identification:_identify(/home/nvidia/ros_ws/log) ignored
[0.955s] Level 1:colcon.colcon_core.package_identification:_identify(/home/nvidia/ros_ws/src) by extensions ['ignore', 'ignore_ament_install']
[0.955s] Level 1:colcon.colcon_core.package_identification:_identify(/home/nvidia/ros_ws/src) by extension 'ignore'
[0.955s] Level 1:colcon.colcon_core.package_identification:_identify(/home/nvidia/ros_ws/src) by extension 'ignore_ament_install'
[0.955s] Level 1:colcon.colcon_core.package_identification:_identify(/home/nvidia/ros_ws/src) by extensions ['colcon_pkg']
[0.955s] Level 1:colcon.colcon_core.package_identification:_identify(/home/nvidia/ros_ws/src) by extension 'colcon_pkg'
[0.955s] Level 1:colcon.colcon_core.package_identification:_identify(/home/nvidia/ros_ws/src) by extensions ['colcon_meta']
[0.955s] Level 1:colcon.colcon_core.package_identification:_identify(/home/nvidia/ros_ws/src) by extension 'colcon_meta'
[0.955s] Level 1:colcon.colcon_core.package_identification:_identify(/home/nvidia/ros_ws/src) by extensions ['ros']
[0.955s] Level 1:colcon.colcon_core.package_identification:_identify(/home/nvidia/ros_ws/src) by extension 'ros'
[0.956s] Level 1:colcon.colcon_core.package_identification:_identify(/home/nvidia/ros_ws/src) by extensions ['cmake', 'python']
[0.956s] Level 1:colcon.colcon_core.package_identification:_identify(/home/nvidia/ros_ws/src) by extension 'cmake'
[0.956s] Level 1:colcon.colcon_core.package_identification:_identify(/home/nvidia/ros_ws/src) by extension 'python'
[0.956s] Level 1:colcon.colcon_core.package_identification:_identify(/home/nvidia/ros_ws/src) by extensions ['python_setup_py']
[0.956s] Level 1:colcon.colcon_core.package_identification:_identify(/home/nvidia/ros_ws/src) by extension 'python_setup_py'
[0.956s] Level 1:colcon.colcon_core.package_identification:_identify(/home/nvidia/ros_ws/src/my_package) by extensions ['ignore', 'ignore_ament_install']
[0.956s] Level 1:colcon.colcon_core.package_identification:_identify(/home/nvidia/ros_ws/src/my_package) by extension 'ignore'
[0.956s] Level 1:colcon.colcon_core.package_identification:_identify(/home/nvidia/ros_ws/src/my_package) by extension 'ignore_ament_install'
[0.956s] Level 1:colcon.colcon_core.package_identification:_identify(/home/nvidia/ros_ws/src/my_package) by extensions ['colcon_pkg']
[0.956s] Level 1:colcon.colcon_core.package_identification:_identify(/home/nvidia/ros_ws/src/my_package) by extension 'colcon_pkg'
[0.956s] Level 1:colcon.colcon_core.package_identification:_identify(/home/nvidia/ros_ws/src/my_package) by extensions ['colcon_meta']
[0.957s] Level 1:colcon.colcon_core.package_identification:_identify(/home/nvidia/ros_ws/src/my_package) by extension 'colcon_meta'
[0.957s] Level 1:colcon.colcon_core.package_identification:_identify(/home/nvidia/ros_ws/src/my_package) by extensions ['ros']
[0.957s] Level 1:colcon.colcon_core.package_identification:_identify(/home/nvidia/ros_ws/src/my_package) by extension 'ros'
[0.964s] DEBUG:colcon.colcon_core.package_identification:Package '/home/nvidia/ros_ws/src/my_package' with type 'ros.ament_python' and name 'my_package'
[0.965s] Level 1:colcon.colcon_core.package_identification:_identify(/home/nvidia/ros_ws/tools) by extensions ['ignore', 'ignore_ament_install']
[0.966s] Level 1:colcon.colcon_core.package_identification:_identify(/home/nvidia/ros_ws/tools) by extension 'ignore'
[0.966s] Level 1:colcon.colcon_core.package_identification:_identify(/home/nvidia/ros_ws/tools) by extension 'ignore_ament_install'
[0.967s] Level 1:colcon.colcon_core.package_identification:_identify(/home/nvidia/ros_ws/tools) by extensions ['colcon_pkg']
[0.967s] Level 1:colcon.colcon_core.package_identification:_identify(/home/nvidia/ros_ws/tools) by extension 'colcon_pkg'
[0.967s] Level 1:colcon.colcon_core.package_identification:_identify(/home/nvidia/ros_ws/tools) by extensions ['colcon_meta']
[0.967s] Level 1:colcon.colcon_core.package_identification:_identify(/home/nvidia/ros_ws/tools) by extension 'colcon_meta'
[0.967s] Level 1:colcon.colcon_core.package_identification:_identify(/home/nvidia/ros_ws/tools) by extensions ['ros']
[0.968s] Level 1:colcon.colcon_core.package_identification:_identify(/home/nvidia/ros_ws/tools) by extension 'ros'
[0.968s] Level 1:colcon.colcon_core.package_identification:_identify(/home/nvidia/ros_ws/tools) by extensions ['cmake', 'python']
[0.968s] Level 1:colcon.colcon_core.package_identification:_identify(/home/nvidia/ros_ws/tools) by extension 'cmake'
[0.968s] Level 1:colcon.colcon_core.package_identification:_identify(/home/nvidia/ros_ws/tools) by extension 'python'
[0.969s] Level 1:colcon.colcon_core.package_identification:_identify(/home/nvidia/ros_ws/tools) by extensions ['python_setup_py']
[0.969s] Level 1:colcon.colcon_core.package_identification:_identify(/home/nvidia/ros_ws/tools) by extension 'python_setup_py'
[0.969s] Level 1:colcon.colcon_core.package_discovery:discover_packages(recursive) using defaults
