[1.747s] Invoking command in '/home/nvidia/ros_ws/src/py_pubsub': DEBUGINFOD_URLS=https://debuginfod.ubuntu.com PYTHONPATH=/home/nvidia/ros_ws/build/py_pubsub/prefix_override:/usr/lib/python3/dist-packages/colcon_core/task/python/colcon_distutils_commands:/home/nvidia/ros_ws/install/py_pubsub/lib/python3.12/site-packages:${PYTHONPATH} /usr/bin/python3 -W ignore:setup.py install is deprecated -W ignore:easy_install command is deprecated setup.py egg_info --egg-base ../../build/py_pubsub build --build-base /home/nvidia/ros_ws/build/py_pubsub/build install --record /home/nvidia/ros_ws/build/py_pubsub/install.log --install-scripts $base/lib/py_pubsub --single-version-externally-managed install_data
[2.266s] running egg_info
[2.303s] writing ../../build/py_pubsub/py_pubsub.egg-info/PKG-INFO
[2.304s] writing dependency_links to ../../build/py_pubsub/py_pubsub.egg-info/dependency_links.txt
[2.304s] writing entry points to ../../build/py_pubsub/py_pubsub.egg-info/entry_points.txt
[2.304s] writing requirements to ../../build/py_pubsub/py_pubsub.egg-info/requires.txt
[2.308s] writing top-level names to ../../build/py_pubsub/py_pubsub.egg-info/top_level.txt
[2.383s] reading manifest file '../../build/py_pubsub/py_pubsub.egg-info/SOURCES.txt'
[2.385s] writing manifest file '../../build/py_pubsub/py_pubsub.egg-info/SOURCES.txt'
[2.385s] running build
[2.385s] running build_py
[2.385s] running install
[2.398s] running install_lib
[2.437s] running install_data
[2.437s] running install_egg_info
[2.479s] removing '/home/nvidia/ros_ws/install/py_pubsub/lib/python3.12/site-packages/py_pubsub-0.0.0-py3.12.egg-info' (and everything under it)
[2.479s] Copying ../../build/py_pubsub/py_pubsub.egg-info to /home/nvidia/ros_ws/install/py_pubsub/lib/python3.12/site-packages/py_pubsub-0.0.0-py3.12.egg-info
[2.482s] running install_scripts
[2.741s] Installing listener script to /home/nvidia/ros_ws/install/py_pubsub/lib/py_pubsub
[2.741s] Installing talker script to /home/nvidia/ros_ws/install/py_pubsub/lib/py_pubsub
[2.742s] writing list of installed files to '/home/nvidia/ros_ws/build/py_pubsub/install.log'
[2.846s] Invoked command in '/home/nvidia/ros_ws/src/py_pubsub' returned '0': DEBUGINFOD_URLS=https://debuginfod.ubuntu.com PYTHONPATH=/home/nvidia/ros_ws/build/py_pubsub/prefix_override:/usr/lib/python3/dist-packages/colcon_core/task/python/colcon_distutils_commands:/home/nvidia/ros_ws/install/py_pubsub/lib/python3.12/site-packages:${PYTHONPATH} /usr/bin/python3 -W ignore:setup.py install is deprecated -W ignore:easy_install command is deprecated setup.py egg_info --egg-base ../../build/py_pubsub build --build-base /home/nvidia/ros_ws/build/py_pubsub/build install --record /home/nvidia/ros_ws/build/py_pubsub/install.log --install-scripts $base/lib/py_pubsub --single-version-externally-managed install_data
