[0.316s] DEBUG:colcon:Command line arguments: ['/usr/bin/colcon', 'build', '--packages-select', 'py_pubsub']
[0.316s] DEBUG:colcon:Parsed command line arguments: Namespace(log_base=None, log_level=None, verb_name='build', build_base='build', install_base='install', merge_install=False, symlink_install=False, test_result_base=None, continue_on_error=False, executor='parallel', parallel_workers=6, event_handlers=None, ignore_user_meta=False, metas=['./colcon.meta'], base_paths=['.'], packages_ignore=None, packages_ignore_regex=None, paths=None, packages_up_to=None, packages_up_to_regex=None, packages_above=None, packages_above_and_dependencies=None, packages_above_depth=None, packages_select_by_dep=None, packages_skip_by_dep=None, packages_skip_up_to=None, packages_select_build_failed=False, packages_skip_build_finished=False, packages_select_test_failures=False, packages_skip_test_passed=False, packages_select=['py_pubsub'], packages_skip=None, packages_select_regex=None, packages_skip_regex=None, packages_start=None, packages_end=None, allow_overriding=[], cmake_args=None, cmake_target=None, cmake_target_skip_unavailable=False, cmake_clean_cache=False, cmake_clean_first=False, cmake_force_configure=False, ament_cmake_args=None, catkin_cmake_args=None, catkin_skip_building_tests=False, mixin_files=None, mixin=None, verb_parser=<colcon_mixin.mixin.mixin_argument.MixinArgumentDecorator object at 0xffffacabdfa0>, verb_extension=<colcon_core.verb.build.BuildVerb object at 0xffffacabddc0>, main=<bound method BuildVerb.main of <colcon_core.verb.build.BuildVerb object at 0xffffacabddc0>>, mixin_verb=('build',))
[0.399s] Level 1:colcon.colcon_core.package_discovery:discover_packages(colcon_meta) check parameters
[0.400s] Level 1:colcon.colcon_core.package_discovery:discover_packages(recursive) check parameters
[0.400s] Level 1:colcon.colcon_core.package_discovery:discover_packages(ignore) check parameters
[0.400s] Level 1:colcon.colcon_core.package_discovery:discover_packages(path) check parameters
[0.400s] Level 1:colcon.colcon_core.package_discovery:discover_packages(colcon_meta) discover
[0.400s] Level 1:colcon.colcon_core.package_discovery:discover_packages(recursive) discover
[0.400s] INFO:colcon.colcon_core.package_discovery:Crawling recursively for packages in '/home/nvidia/ros_ws'
[0.400s] Level 1:colcon.colcon_core.package_identification:_identify(.) by extensions ['ignore', 'ignore_ament_install']
[0.401s] Level 1:colcon.colcon_core.package_identification:_identify(.) by extension 'ignore'
[0.401s] Level 1:colcon.colcon_core.package_identification:_identify(.) by extension 'ignore_ament_install'
[0.401s] Level 1:colcon.colcon_core.package_identification:_identify(.) by extensions ['colcon_pkg']
[0.401s] Level 1:colcon.colcon_core.package_identification:_identify(.) by extension 'colcon_pkg'
[0.401s] Level 1:colcon.colcon_core.package_identification:_identify(.) by extensions ['colcon_meta']
[0.401s] Level 1:colcon.colcon_core.package_identification:_identify(.) by extension 'colcon_meta'
[0.401s] Level 1:colcon.colcon_core.package_identification:_identify(.) by extensions ['ros']
[0.401s] Level 1:colcon.colcon_core.package_identification:_identify(.) by extension 'ros'
[0.455s] Level 1:colcon.colcon_core.package_identification:_identify(.) by extensions ['cmake', 'python']
[0.455s] Level 1:colcon.colcon_core.package_identification:_identify(.) by extension 'cmake'
[0.455s] Level 1:colcon.colcon_core.package_identification:_identify(.) by extension 'python'
[0.455s] Level 1:colcon.colcon_core.package_identification:_identify(.) by extensions ['python_setup_py']
[0.455s] Level 1:colcon.colcon_core.package_identification:_identify(.) by extension 'python_setup_py'
[0.456s] Level 1:colcon.colcon_core.package_identification:_identify(__pycache__) by extensions ['ignore', 'ignore_ament_install']
[0.456s] Level 1:colcon.colcon_core.package_identification:_identify(__pycache__) by extension 'ignore'
[0.456s] Level 1:colcon.colcon_core.package_identification:_identify(__pycache__) by extension 'ignore_ament_install'
[0.456s] Level 1:colcon.colcon_core.package_identification:_identify(__pycache__) by extensions ['colcon_pkg']
[0.456s] Level 1:colcon.colcon_core.package_identification:_identify(__pycache__) by extension 'colcon_pkg'
[0.456s] Level 1:colcon.colcon_core.package_identification:_identify(__pycache__) by extensions ['colcon_meta']
[0.456s] Level 1:colcon.colcon_core.package_identification:_identify(__pycache__) by extension 'colcon_meta'
[0.456s] Level 1:colcon.colcon_core.package_identification:_identify(__pycache__) by extensions ['ros']
[0.457s] Level 1:colcon.colcon_core.package_identification:_identify(__pycache__) by extension 'ros'
[0.457s] Level 1:colcon.colcon_core.package_identification:_identify(__pycache__) by extensions ['cmake', 'python']
[0.457s] Level 1:colcon.colcon_core.package_identification:_identify(__pycache__) by extension 'cmake'
[0.457s] Level 1:colcon.colcon_core.package_identification:_identify(__pycache__) by extension 'python'
[0.457s] Level 1:colcon.colcon_core.package_identification:_identify(__pycache__) by extensions ['python_setup_py']
[0.457s] Level 1:colcon.colcon_core.package_identification:_identify(__pycache__) by extension 'python_setup_py'
[0.457s] Level 1:colcon.colcon_core.package_identification:_identify(build) by extensions ['ignore', 'ignore_ament_install']
[0.457s] Level 1:colcon.colcon_core.package_identification:_identify(build) by extension 'ignore'
[0.457s] Level 1:colcon.colcon_core.package_identification:_identify(build) ignored
[0.458s] Level 1:colcon.colcon_core.package_identification:_identify(docs) by extensions ['ignore', 'ignore_ament_install']
[0.458s] Level 1:colcon.colcon_core.package_identification:_identify(docs) by extension 'ignore'
[0.458s] Level 1:colcon.colcon_core.package_identification:_identify(docs) by extension 'ignore_ament_install'
[0.458s] Level 1:colcon.colcon_core.package_identification:_identify(docs) by extensions ['colcon_pkg']
[0.458s] Level 1:colcon.colcon_core.package_identification:_identify(docs) by extension 'colcon_pkg'
[0.458s] Level 1:colcon.colcon_core.package_identification:_identify(docs) by extensions ['colcon_meta']
[0.458s] Level 1:colcon.colcon_core.package_identification:_identify(docs) by extension 'colcon_meta'
[0.458s] Level 1:colcon.colcon_core.package_identification:_identify(docs) by extensions ['ros']
[0.458s] Level 1:colcon.colcon_core.package_identification:_identify(docs) by extension 'ros'
[0.458s] Level 1:colcon.colcon_core.package_identification:_identify(docs) by extensions ['cmake', 'python']
[0.458s] Level 1:colcon.colcon_core.package_identification:_identify(docs) by extension 'cmake'
[0.459s] Level 1:colcon.colcon_core.package_identification:_identify(docs) by extension 'python'
[0.459s] Level 1:colcon.colcon_core.package_identification:_identify(docs) by extensions ['python_setup_py']
[0.459s] Level 1:colcon.colcon_core.package_identification:_identify(docs) by extension 'python_setup_py'
[0.459s] Level 1:colcon.colcon_core.package_identification:_identify(docs/_site) by extensions ['ignore', 'ignore_ament_install']
[0.459s] Level 1:colcon.colcon_core.package_identification:_identify(docs/_site) by extension 'ignore'
[0.459s] Level 1:colcon.colcon_core.package_identification:_identify(docs/_site) by extension 'ignore_ament_install'
[0.459s] Level 1:colcon.colcon_core.package_identification:_identify(docs/_site) by extensions ['colcon_pkg']
[0.459s] Level 1:colcon.colcon_core.package_identification:_identify(docs/_site) by extension 'colcon_pkg'
[0.459s] Level 1:colcon.colcon_core.package_identification:_identify(docs/_site) by extensions ['colcon_meta']
[0.459s] Level 1:colcon.colcon_core.package_identification:_identify(docs/_site) by extension 'colcon_meta'
[0.460s] Level 1:colcon.colcon_core.package_identification:_identify(docs/_site) by extensions ['ros']
[0.460s] Level 1:colcon.colcon_core.package_identification:_identify(docs/_site) by extension 'ros'
[0.460s] Level 1:colcon.colcon_core.package_identification:_identify(docs/_site) by extensions ['cmake', 'python']
[0.460s] Level 1:colcon.colcon_core.package_identification:_identify(docs/_site) by extension 'cmake'
[0.460s] Level 1:colcon.colcon_core.package_identification:_identify(docs/_site) by extension 'python'
[0.460s] Level 1:colcon.colcon_core.package_identification:_identify(docs/_site) by extensions ['python_setup_py']
[0.460s] Level 1:colcon.colcon_core.package_identification:_identify(docs/_site) by extension 'python_setup_py'
[0.461s] Level 1:colcon.colcon_core.package_identification:_identify(docs/_site/about) by extensions ['ignore', 'ignore_ament_install']
[0.461s] Level 1:colcon.colcon_core.package_identification:_identify(docs/_site/about) by extension 'ignore'
[0.461s] Level 1:colcon.colcon_core.package_identification:_identify(docs/_site/about) by extension 'ignore_ament_install'
[0.461s] Level 1:colcon.colcon_core.package_identification:_identify(docs/_site/about) by extensions ['colcon_pkg']
[0.461s] Level 1:colcon.colcon_core.package_identification:_identify(docs/_site/about) by extension 'colcon_pkg'
[0.461s] Level 1:colcon.colcon_core.package_identification:_identify(docs/_site/about) by extensions ['colcon_meta']
[0.461s] Level 1:colcon.colcon_core.package_identification:_identify(docs/_site/about) by extension 'colcon_meta'
[0.461s] Level 1:colcon.colcon_core.package_identification:_identify(docs/_site/about) by extensions ['ros']
[0.461s] Level 1:colcon.colcon_core.package_identification:_identify(docs/_site/about) by extension 'ros'
[0.461s] Level 1:colcon.colcon_core.package_identification:_identify(docs/_site/about) by extensions ['cmake', 'python']
[0.461s] Level 1:colcon.colcon_core.package_identification:_identify(docs/_site/about) by extension 'cmake'
[0.461s] Level 1:colcon.colcon_core.package_identification:_identify(docs/_site/about) by extension 'python'
[0.462s] Level 1:colcon.colcon_core.package_identification:_identify(docs/_site/about) by extensions ['python_setup_py']
[0.462s] Level 1:colcon.colcon_core.package_identification:_identify(docs/_site/about) by extension 'python_setup_py'
[0.462s] Level 1:colcon.colcon_core.package_identification:_identify(docs/_site/assets) by extensions ['ignore', 'ignore_ament_install']
[0.462s] Level 1:colcon.colcon_core.package_identification:_identify(docs/_site/assets) by extension 'ignore'
[0.462s] Level 1:colcon.colcon_core.package_identification:_identify(docs/_site/assets) by extension 'ignore_ament_install'
[0.462s] Level 1:colcon.colcon_core.package_identification:_identify(docs/_site/assets) by extensions ['colcon_pkg']
[0.462s] Level 1:colcon.colcon_core.package_identification:_identify(docs/_site/assets) by extension 'colcon_pkg'
[0.462s] Level 1:colcon.colcon_core.package_identification:_identify(docs/_site/assets) by extensions ['colcon_meta']
[0.462s] Level 1:colcon.colcon_core.package_identification:_identify(docs/_site/assets) by extension 'colcon_meta'
[0.462s] Level 1:colcon.colcon_core.package_identification:_identify(docs/_site/assets) by extensions ['ros']
[0.462s] Level 1:colcon.colcon_core.package_identification:_identify(docs/_site/assets) by extension 'ros'
[0.463s] Level 1:colcon.colcon_core.package_identification:_identify(docs/_site/assets) by extensions ['cmake', 'python']
[0.463s] Level 1:colcon.colcon_core.package_identification:_identify(docs/_site/assets) by extension 'cmake'
[0.463s] Level 1:colcon.colcon_core.package_identification:_identify(docs/_site/assets) by extension 'python'
[0.463s] Level 1:colcon.colcon_core.package_identification:_identify(docs/_site/assets) by extensions ['python_setup_py']
[0.463s] Level 1:colcon.colcon_core.package_identification:_identify(docs/_site/assets) by extension 'python_setup_py'
[0.463s] Level 1:colcon.colcon_core.package_identification:_identify(docs/_site/assets/css) by extensions ['ignore', 'ignore_ament_install']
[0.463s] Level 1:colcon.colcon_core.package_identification:_identify(docs/_site/assets/css) by extension 'ignore'
[0.463s] Level 1:colcon.colcon_core.package_identification:_identify(docs/_site/assets/css) by extension 'ignore_ament_install'
[0.463s] Level 1:colcon.colcon_core.package_identification:_identify(docs/_site/assets/css) by extensions ['colcon_pkg']
[0.463s] Level 1:colcon.colcon_core.package_identification:_identify(docs/_site/assets/css) by extension 'colcon_pkg'
[0.463s] Level 1:colcon.colcon_core.package_identification:_identify(docs/_site/assets/css) by extensions ['colcon_meta']
[0.463s] Level 1:colcon.colcon_core.package_identification:_identify(docs/_site/assets/css) by extension 'colcon_meta'
[0.464s] Level 1:colcon.colcon_core.package_identification:_identify(docs/_site/assets/css) by extensions ['ros']
[0.464s] Level 1:colcon.colcon_core.package_identification:_identify(docs/_site/assets/css) by extension 'ros'
[0.464s] Level 1:colcon.colcon_core.package_identification:_identify(docs/_site/assets/css) by extensions ['cmake', 'python']
[0.464s] Level 1:colcon.colcon_core.package_identification:_identify(docs/_site/assets/css) by extension 'cmake'
[0.464s] Level 1:colcon.colcon_core.package_identification:_identify(docs/_site/assets/css) by extension 'python'
[0.464s] Level 1:colcon.colcon_core.package_identification:_identify(docs/_site/assets/css) by extensions ['python_setup_py']
[0.464s] Level 1:colcon.colcon_core.package_identification:_identify(docs/_site/assets/css) by extension 'python_setup_py'
[0.464s] Level 1:colcon.colcon_core.package_identification:_identify(docs/_site/assets/data) by extensions ['ignore', 'ignore_ament_install']
[0.464s] Level 1:colcon.colcon_core.package_identification:_identify(docs/_site/assets/data) by extension 'ignore'
[0.464s] Level 1:colcon.colcon_core.package_identification:_identify(docs/_site/assets/data) by extension 'ignore_ament_install'
[0.464s] Level 1:colcon.colcon_core.package_identification:_identify(docs/_site/assets/data) by extensions ['colcon_pkg']
[0.464s] Level 1:colcon.colcon_core.package_identification:_identify(docs/_site/assets/data) by extension 'colcon_pkg'
[0.465s] Level 1:colcon.colcon_core.package_identification:_identify(docs/_site/assets/data) by extensions ['colcon_meta']
[0.465s] Level 1:colcon.colcon_core.package_identification:_identify(docs/_site/assets/data) by extension 'colcon_meta'
[0.465s] Level 1:colcon.colcon_core.package_identification:_identify(docs/_site/assets/data) by extensions ['ros']
[0.465s] Level 1:colcon.colcon_core.package_identification:_identify(docs/_site/assets/data) by extension 'ros'
[0.465s] Level 1:colcon.colcon_core.package_identification:_identify(docs/_site/assets/data) by extensions ['cmake', 'python']
[0.465s] Level 1:colcon.colcon_core.package_identification:_identify(docs/_site/assets/data) by extension 'cmake'
[0.465s] Level 1:colcon.colcon_core.package_identification:_identify(docs/_site/assets/data) by extension 'python'
[0.465s] Level 1:colcon.colcon_core.package_identification:_identify(docs/_site/assets/data) by extensions ['python_setup_py']
[0.465s] Level 1:colcon.colcon_core.package_identification:_identify(docs/_site/assets/data) by extension 'python_setup_py'
[0.465s] Level 1:colcon.colcon_core.package_identification:_identify(docs/_site/assets/icons) by extensions ['ignore', 'ignore_ament_install']
[0.466s] Level 1:colcon.colcon_core.package_identification:_identify(docs/_site/assets/icons) by extension 'ignore'
[0.466s] Level 1:colcon.colcon_core.package_identification:_identify(docs/_site/assets/icons) by extension 'ignore_ament_install'
[0.466s] Level 1:colcon.colcon_core.package_identification:_identify(docs/_site/assets/icons) by extensions ['colcon_pkg']
[0.466s] Level 1:colcon.colcon_core.package_identification:_identify(docs/_site/assets/icons) by extension 'colcon_pkg'
[0.466s] Level 1:colcon.colcon_core.package_identification:_identify(docs/_site/assets/icons) by extensions ['colcon_meta']
[0.466s] Level 1:colcon.colcon_core.package_identification:_identify(docs/_site/assets/icons) by extension 'colcon_meta'
[0.466s] Level 1:colcon.colcon_core.package_identification:_identify(docs/_site/assets/icons) by extensions ['ros']
[0.466s] Level 1:colcon.colcon_core.package_identification:_identify(docs/_site/assets/icons) by extension 'ros'
[0.466s] Level 1:colcon.colcon_core.package_identification:_identify(docs/_site/assets/icons) by extensions ['cmake', 'python']
[0.466s] Level 1:colcon.colcon_core.package_identification:_identify(docs/_site/assets/icons) by extension 'cmake'
[0.466s] Level 1:colcon.colcon_core.package_identification:_identify(docs/_site/assets/icons) by extension 'python'
[0.466s] Level 1:colcon.colcon_core.package_identification:_identify(docs/_site/assets/icons) by extensions ['python_setup_py']
[0.466s] Level 1:colcon.colcon_core.package_identification:_identify(docs/_site/assets/icons) by extension 'python_setup_py'
[0.467s] Level 1:colcon.colcon_core.package_identification:_identify(docs/_site/assets/js) by extensions ['ignore', 'ignore_ament_install']
[0.467s] Level 1:colcon.colcon_core.package_identification:_identify(docs/_site/assets/js) by extension 'ignore'
[0.467s] Level 1:colcon.colcon_core.package_identification:_identify(docs/_site/assets/js) by extension 'ignore_ament_install'
[0.467s] Level 1:colcon.colcon_core.package_identification:_identify(docs/_site/assets/js) by extensions ['colcon_pkg']
[0.467s] Level 1:colcon.colcon_core.package_identification:_identify(docs/_site/assets/js) by extension 'colcon_pkg'
[0.467s] Level 1:colcon.colcon_core.package_identification:_identify(docs/_site/assets/js) by extensions ['colcon_meta']
[0.467s] Level 1:colcon.colcon_core.package_identification:_identify(docs/_site/assets/js) by extension 'colcon_meta'
[0.467s] Level 1:colcon.colcon_core.package_identification:_identify(docs/_site/assets/js) by extensions ['ros']
[0.467s] Level 1:colcon.colcon_core.package_identification:_identify(docs/_site/assets/js) by extension 'ros'
[0.468s] Level 1:colcon.colcon_core.package_identification:_identify(docs/_site/assets/js) by extensions ['cmake', 'python']
[0.468s] Level 1:colcon.colcon_core.package_identification:_identify(docs/_site/assets/js) by extension 'cmake'
[0.468s] Level 1:colcon.colcon_core.package_identification:_identify(docs/_site/assets/js) by extension 'python'
[0.468s] Level 1:colcon.colcon_core.package_identification:_identify(docs/_site/assets/js) by extensions ['python_setup_py']
[0.468s] Level 1:colcon.colcon_core.package_identification:_identify(docs/_site/assets/js) by extension 'python_setup_py'
[0.469s] Level 1:colcon.colcon_core.package_identification:_identify(docs/_site/commands) by extensions ['ignore', 'ignore_ament_install']
[0.469s] Level 1:colcon.colcon_core.package_identification:_identify(docs/_site/commands) by extension 'ignore'
[0.469s] Level 1:colcon.colcon_core.package_identification:_identify(docs/_site/commands) by extension 'ignore_ament_install'
[0.470s] Level 1:colcon.colcon_core.package_identification:_identify(docs/_site/commands) by extensions ['colcon_pkg']
[0.470s] Level 1:colcon.colcon_core.package_identification:_identify(docs/_site/commands) by extension 'colcon_pkg'
[0.470s] Level 1:colcon.colcon_core.package_identification:_identify(docs/_site/commands) by extensions ['colcon_meta']
[0.470s] Level 1:colcon.colcon_core.package_identification:_identify(docs/_site/commands) by extension 'colcon_meta'
[0.470s] Level 1:colcon.colcon_core.package_identification:_identify(docs/_site/commands) by extensions ['ros']
[0.470s] Level 1:colcon.colcon_core.package_identification:_identify(docs/_site/commands) by extension 'ros'
[0.470s] Level 1:colcon.colcon_core.package_identification:_identify(docs/_site/commands) by extensions ['cmake', 'python']
[0.470s] Level 1:colcon.colcon_core.package_identification:_identify(docs/_site/commands) by extension 'cmake'
[0.470s] Level 1:colcon.colcon_core.package_identification:_identify(docs/_site/commands) by extension 'python'
[0.470s] Level 1:colcon.colcon_core.package_identification:_identify(docs/_site/commands) by extensions ['python_setup_py']
[0.470s] Level 1:colcon.colcon_core.package_identification:_identify(docs/_site/commands) by extension 'python_setup_py'
[0.470s] Level 1:colcon.colcon_core.package_identification:_identify(docs/_site/ros2) by extensions ['ignore', 'ignore_ament_install']
[0.471s] Level 1:colcon.colcon_core.package_identification:_identify(docs/_site/ros2) by extension 'ignore'
[0.471s] Level 1:colcon.colcon_core.package_identification:_identify(docs/_site/ros2) by extension 'ignore_ament_install'
[0.471s] Level 1:colcon.colcon_core.package_identification:_identify(docs/_site/ros2) by extensions ['colcon_pkg']
[0.471s] Level 1:colcon.colcon_core.package_identification:_identify(docs/_site/ros2) by extension 'colcon_pkg'
[0.471s] Level 1:colcon.colcon_core.package_identification:_identify(docs/_site/ros2) by extensions ['colcon_meta']
[0.471s] Level 1:colcon.colcon_core.package_identification:_identify(docs/_site/ros2) by extension 'colcon_meta'
[0.471s] Level 1:colcon.colcon_core.package_identification:_identify(docs/_site/ros2) by extensions ['ros']
[0.471s] Level 1:colcon.colcon_core.package_identification:_identify(docs/_site/ros2) by extension 'ros'
[0.471s] Level 1:colcon.colcon_core.package_identification:_identify(docs/_site/ros2) by extensions ['cmake', 'python']
[0.471s] Level 1:colcon.colcon_core.package_identification:_identify(docs/_site/ros2) by extension 'cmake'
[0.471s] Level 1:colcon.colcon_core.package_identification:_identify(docs/_site/ros2) by extension 'python'
[0.471s] Level 1:colcon.colcon_core.package_identification:_identify(docs/_site/ros2) by extensions ['python_setup_py']
[0.471s] Level 1:colcon.colcon_core.package_identification:_identify(docs/_site/ros2) by extension 'python_setup_py'
[0.472s] Level 1:colcon.colcon_core.package_identification:_identify(docs/_site/ros2/tutorial) by extensions ['ignore', 'ignore_ament_install']
[0.472s] Level 1:colcon.colcon_core.package_identification:_identify(docs/_site/ros2/tutorial) by extension 'ignore'
[0.472s] Level 1:colcon.colcon_core.package_identification:_identify(docs/_site/ros2/tutorial) by extension 'ignore_ament_install'
[0.472s] Level 1:colcon.colcon_core.package_identification:_identify(docs/_site/ros2/tutorial) by extensions ['colcon_pkg']
[0.472s] Level 1:colcon.colcon_core.package_identification:_identify(docs/_site/ros2/tutorial) by extension 'colcon_pkg'
[0.472s] Level 1:colcon.colcon_core.package_identification:_identify(docs/_site/ros2/tutorial) by extensions ['colcon_meta']
[0.472s] Level 1:colcon.colcon_core.package_identification:_identify(docs/_site/ros2/tutorial) by extension 'colcon_meta'
[0.472s] Level 1:colcon.colcon_core.package_identification:_identify(docs/_site/ros2/tutorial) by extensions ['ros']
[0.472s] Level 1:colcon.colcon_core.package_identification:_identify(docs/_site/ros2/tutorial) by extension 'ros'
[0.472s] Level 1:colcon.colcon_core.package_identification:_identify(docs/_site/ros2/tutorial) by extensions ['cmake', 'python']
[0.472s] Level 1:colcon.colcon_core.package_identification:_identify(docs/_site/ros2/tutorial) by extension 'cmake'
[0.472s] Level 1:colcon.colcon_core.package_identification:_identify(docs/_site/ros2/tutorial) by extension 'python'
[0.473s] Level 1:colcon.colcon_core.package_identification:_identify(docs/_site/ros2/tutorial) by extensions ['python_setup_py']
[0.473s] Level 1:colcon.colcon_core.package_identification:_identify(docs/_site/ros2/tutorial) by extension 'python_setup_py'
[0.473s] Level 1:colcon.colcon_core.package_identification:_identify(docs/_site/ros2/tutorial/2026) by extensions ['ignore', 'ignore_ament_install']
[0.473s] Level 1:colcon.colcon_core.package_identification:_identify(docs/_site/ros2/tutorial/2026) by extension 'ignore'
[0.473s] Level 1:colcon.colcon_core.package_identification:_identify(docs/_site/ros2/tutorial/2026) by extension 'ignore_ament_install'
[0.473s] Level 1:colcon.colcon_core.package_identification:_identify(docs/_site/ros2/tutorial/2026) by extensions ['colcon_pkg']
[0.473s] Level 1:colcon.colcon_core.package_identification:_identify(docs/_site/ros2/tutorial/2026) by extension 'colcon_pkg'
[0.473s] Level 1:colcon.colcon_core.package_identification:_identify(docs/_site/ros2/tutorial/2026) by extensions ['colcon_meta']
[0.473s] Level 1:colcon.colcon_core.package_identification:_identify(docs/_site/ros2/tutorial/2026) by extension 'colcon_meta'
[0.473s] Level 1:colcon.colcon_core.package_identification:_identify(docs/_site/ros2/tutorial/2026) by extensions ['ros']
[0.474s] Level 1:colcon.colcon_core.package_identification:_identify(docs/_site/ros2/tutorial/2026) by extension 'ros'
[0.474s] Level 1:colcon.colcon_core.package_identification:_identify(docs/_site/ros2/tutorial/2026) by extensions ['cmake', 'python']
[0.474s] Level 1:colcon.colcon_core.package_identification:_identify(docs/_site/ros2/tutorial/2026) by extension 'cmake'
[0.474s] Level 1:colcon.colcon_core.package_identification:_identify(docs/_site/ros2/tutorial/2026) by extension 'python'
[0.474s] Level 1:colcon.colcon_core.package_identification:_identify(docs/_site/ros2/tutorial/2026) by extensions ['python_setup_py']
[0.474s] Level 1:colcon.colcon_core.package_identification:_identify(docs/_site/ros2/tutorial/2026) by extension 'python_setup_py'
[0.474s] Level 1:colcon.colcon_core.package_identification:_identify(docs/_site/ros2/tutorial/2026/08) by extensions ['ignore', 'ignore_ament_install']
[0.474s] Level 1:colcon.colcon_core.package_identification:_identify(docs/_site/ros2/tutorial/2026/08) by extension 'ignore'
[0.474s] Level 1:colcon.colcon_core.package_identification:_identify(docs/_site/ros2/tutorial/2026/08) by extension 'ignore_ament_install'
[0.474s] Level 1:colcon.colcon_core.package_identification:_identify(docs/_site/ros2/tutorial/2026/08) by extensions ['colcon_pkg']
[0.474s] Level 1:colcon.colcon_core.package_identification:_identify(docs/_site/ros2/tutorial/2026/08) by extension 'colcon_pkg'
[0.475s] Level 1:colcon.colcon_core.package_identification:_identify(docs/_site/ros2/tutorial/2026/08) by extensions ['colcon_meta']
[0.475s] Level 1:colcon.colcon_core.package_identification:_identify(docs/_site/ros2/tutorial/2026/08) by extension 'colcon_meta'
[0.475s] Level 1:colcon.colcon_core.package_identification:_identify(docs/_site/ros2/tutorial/2026/08) by extensions ['ros']
[0.475s] Level 1:colcon.colcon_core.package_identification:_identify(docs/_site/ros2/tutorial/2026/08) by extension 'ros'
[0.475s] Level 1:colcon.colcon_core.package_identification:_identify(docs/_site/ros2/tutorial/2026/08) by extensions ['cmake', 'python']
[0.475s] Level 1:colcon.colcon_core.package_identification:_identify(docs/_site/ros2/tutorial/2026/08) by extension 'cmake'
[0.475s] Level 1:colcon.colcon_core.package_identification:_identify(docs/_site/ros2/tutorial/2026/08) by extension 'python'
[0.475s] Level 1:colcon.colcon_core.package_identification:_identify(docs/_site/ros2/tutorial/2026/08) by extensions ['python_setup_py']
[0.475s] Level 1:colcon.colcon_core.package_identification:_identify(docs/_site/ros2/tutorial/2026/08) by extension 'python_setup_py'
[0.475s] Level 1:colcon.colcon_core.package_identification:_identify(docs/_site/ros2/tutorial/2026/08/05) by extensions ['ignore', 'ignore_ament_install']
[0.475s] Level 1:colcon.colcon_core.package_identification:_identify(docs/_site/ros2/tutorial/2026/08/05) by extension 'ignore'
[0.475s] Level 1:colcon.colcon_core.package_identification:_identify(docs/_site/ros2/tutorial/2026/08/05) by extension 'ignore_ament_install'
[0.476s] Level 1:colcon.colcon_core.package_identification:_identify(docs/_site/ros2/tutorial/2026/08/05) by extensions ['colcon_pkg']
[0.476s] Level 1:colcon.colcon_core.package_identification:_identify(docs/_site/ros2/tutorial/2026/08/05) by extension 'colcon_pkg'
[0.476s] Level 1:colcon.colcon_core.package_identification:_identify(docs/_site/ros2/tutorial/2026/08/05) by extensions ['colcon_meta']
[0.476s] Level 1:colcon.colcon_core.package_identification:_identify(docs/_site/ros2/tutorial/2026/08/05) by extension 'colcon_meta'
[0.476s] Level 1:colcon.colcon_core.package_identification:_identify(docs/_site/ros2/tutorial/2026/08/05) by extensions ['ros']
[0.476s] Level 1:colcon.colcon_core.package_identification:_identify(docs/_site/ros2/tutorial/2026/08/05) by extension 'ros'
[0.476s] Level 1:colcon.colcon_core.package_identification:_identify(docs/_site/ros2/tutorial/2026/08/05) by extensions ['cmake', 'python']
[0.476s] Level 1:colcon.colcon_core.package_identification:_identify(docs/_site/ros2/tutorial/2026/08/05) by extension 'cmake'
[0.476s] Level 1:colcon.colcon_core.package_identification:_identify(docs/_site/ros2/tutorial/2026/08/05) by extension 'python'
[0.476s] Level 1:colcon.colcon_core.package_identification:_identify(docs/_site/ros2/tutorial/2026/08/05) by extensions ['python_setup_py']
[0.476s] Level 1:colcon.colcon_core.package_identification:_identify(docs/_site/ros2/tutorial/2026/08/05) by extension 'python_setup_py'
[0.476s] Level 1:colcon.colcon_core.package_identification:_identify(install) by extensions ['ignore', 'ignore_ament_install']
[0.477s] Level 1:colcon.colcon_core.package_identification:_identify(install) by extension 'ignore'
[0.477s] Level 1:colcon.colcon_core.package_identification:_identify(install) ignored
[0.478s] Level 1:colcon.colcon_core.package_identification:_identify(log) by extensions ['ignore', 'ignore_ament_install']
[0.478s] Level 1:colcon.colcon_core.package_identification:_identify(log) by extension 'ignore'
[0.478s] Level 1:colcon.colcon_core.package_identification:_identify(log) ignored
[0.478s] Level 1:colcon.colcon_core.package_identification:_identify(src) by extensions ['ignore', 'ignore_ament_install']
[0.478s] Level 1:colcon.colcon_core.package_identification:_identify(src) by extension 'ignore'
[0.478s] Level 1:colcon.colcon_core.package_identification:_identify(src) by extension 'ignore_ament_install'
[0.478s] Level 1:colcon.colcon_core.package_identification:_identify(src) by extensions ['colcon_pkg']
[0.478s] Level 1:colcon.colcon_core.package_identification:_identify(src) by extension 'colcon_pkg'
[0.479s] Level 1:colcon.colcon_core.package_identification:_identify(src) by extensions ['colcon_meta']
[0.479s] Level 1:colcon.colcon_core.package_identification:_identify(src) by extension 'colcon_meta'
[0.479s] Level 1:colcon.colcon_core.package_identification:_identify(src) by extensions ['ros']
[0.479s] Level 1:colcon.colcon_core.package_identification:_identify(src) by extension 'ros'
[0.479s] Level 1:colcon.colcon_core.package_identification:_identify(src) by extensions ['cmake', 'python']
[0.479s] Level 1:colcon.colcon_core.package_identification:_identify(src) by extension 'cmake'
[0.479s] Level 1:colcon.colcon_core.package_identification:_identify(src) by extension 'python'
[0.479s] Level 1:colcon.colcon_core.package_identification:_identify(src) by extensions ['python_setup_py']
[0.479s] Level 1:colcon.colcon_core.package_identification:_identify(src) by extension 'python_setup_py'
[0.479s] Level 1:colcon.colcon_core.package_identification:_identify(src/my_package) by extensions ['ignore', 'ignore_ament_install']
[0.479s] Level 1:colcon.colcon_core.package_identification:_identify(src/my_package) by extension 'ignore'
[0.479s] Level 1:colcon.colcon_core.package_identification:_identify(src/my_package) by extension 'ignore_ament_install'
[0.480s] Level 1:colcon.colcon_core.package_identification:_identify(src/my_package) by extensions ['colcon_pkg']
[0.480s] Level 1:colcon.colcon_core.package_identification:_identify(src/my_package) by extension 'colcon_pkg'
[0.480s] Level 1:colcon.colcon_core.package_identification:_identify(src/my_package) by extensions ['colcon_meta']
[0.480s] Level 1:colcon.colcon_core.package_identification:_identify(src/my_package) by extension 'colcon_meta'
[0.480s] Level 1:colcon.colcon_core.package_identification:_identify(src/my_package) by extensions ['ros']
[0.480s] Level 1:colcon.colcon_core.package_identification:_identify(src/my_package) by extension 'ros'
[0.484s] DEBUG:colcon.colcon_core.package_identification:Package 'src/my_package' with type 'ros.ament_python' and name 'my_package'
[0.485s] Level 1:colcon.colcon_core.package_identification:_identify(src/py_pubsub) by extensions ['ignore', 'ignore_ament_install']
[0.485s] Level 1:colcon.colcon_core.package_identification:_identify(src/py_pubsub) by extension 'ignore'
[0.485s] Level 1:colcon.colcon_core.package_identification:_identify(src/py_pubsub) by extension 'ignore_ament_install'
[0.485s] Level 1:colcon.colcon_core.package_identification:_identify(src/py_pubsub) by extensions ['colcon_pkg']
[0.485s] Level 1:colcon.colcon_core.package_identification:_identify(src/py_pubsub) by extension 'colcon_pkg'
[0.485s] Level 1:colcon.colcon_core.package_identification:_identify(src/py_pubsub) by extensions ['colcon_meta']
[0.486s] Level 1:colcon.colcon_core.package_identification:_identify(src/py_pubsub) by extension 'colcon_meta'
[0.486s] Level 1:colcon.colcon_core.package_identification:_identify(src/py_pubsub) by extensions ['ros']
[0.486s] Level 1:colcon.colcon_core.package_identification:_identify(src/py_pubsub) by extension 'ros'
[0.487s] DEBUG:colcon.colcon_core.package_identification:Package 'src/py_pubsub' with type 'ros.ament_python' and name 'py_pubsub'
[0.487s] Level 1:colcon.colcon_core.package_identification:_identify(tools) by extensions ['ignore', 'ignore_ament_install']
[0.487s] Level 1:colcon.colcon_core.package_identification:_identify(tools) by extension 'ignore'
[0.487s] Level 1:colcon.colcon_core.package_identification:_identify(tools) by extension 'ignore_ament_install'
[0.487s] Level 1:colcon.colcon_core.package_identification:_identify(tools) by extensions ['colcon_pkg']
[0.487s] Level 1:colcon.colcon_core.package_identification:_identify(tools) by extension 'colcon_pkg'
[0.487s] Level 1:colcon.colcon_core.package_identification:_identify(tools) by extensions ['colcon_meta']
[0.487s] Level 1:colcon.colcon_core.package_identification:_identify(tools) by extension 'colcon_meta'
[0.487s] Level 1:colcon.colcon_core.package_identification:_identify(tools) by extensions ['ros']
[0.487s] Level 1:colcon.colcon_core.package_identification:_identify(tools) by extension 'ros'
[0.488s] Level 1:colcon.colcon_core.package_identification:_identify(tools) by extensions ['cmake', 'python']
[0.488s] Level 1:colcon.colcon_core.package_identification:_identify(tools) by extension 'cmake'
[0.488s] Level 1:colcon.colcon_core.package_identification:_identify(tools) by extension 'python'
[0.488s] Level 1:colcon.colcon_core.package_identification:_identify(tools) by extensions ['python_setup_py']
[0.488s] Level 1:colcon.colcon_core.package_identification:_identify(tools) by extension 'python_setup_py'
[0.488s] Level 1:colcon.colcon_core.package_discovery:discover_packages(recursive) using defaults
[0.488s] Level 1:colcon.colcon_core.package_discovery:discover_packages(ignore) discover
[0.488s] Level 1:colcon.colcon_core.package_discovery:discover_packages(ignore) using defaults
[0.488s] Level 1:colcon.colcon_core.package_discovery:discover_packages(path) discover
[0.488s] Level 1:colcon.colcon_core.package_discovery:discover_packages(path) using defaults
[0.531s] INFO:colcon.colcon_core.package_selection:Skipping not selected package 'my_package' in 'src/my_package'
[0.532s] Level 1:colcon.colcon_core.package_discovery:discover_packages(prefix_path) check parameters
[0.532s] Level 1:colcon.colcon_core.package_discovery:discover_packages(prefix_path) discover
[0.537s] DEBUG:colcon.colcon_installed_package_information.package_discovery:Found 1 installed packages in /home/nvidia/ros_ws/install
[0.539s] DEBUG:colcon.colcon_installed_package_information.package_discovery:Found 345 installed packages in /opt/ros/jazzy
[0.543s] Level 1:colcon.colcon_core.package_discovery:discover_packages(prefix_path) using defaults
[0.661s] Level 5:colcon.colcon_core.verb:set package 'py_pubsub' build argument 'cmake_args' from command line to 'None'
[0.661s] Level 5:colcon.colcon_core.verb:set package 'py_pubsub' build argument 'cmake_target' from command line to 'None'
[0.661s] Level 5:colcon.colcon_core.verb:set package 'py_pubsub' build argument 'cmake_target_skip_unavailable' from command line to 'False'
[0.661s] Level 5:colcon.colcon_core.verb:set package 'py_pubsub' build argument 'cmake_clean_cache' from command line to 'False'
[0.661s] Level 5:colcon.colcon_core.verb:set package 'py_pubsub' build argument 'cmake_clean_first' from command line to 'False'
[0.661s] Level 5:colcon.colcon_core.verb:set package 'py_pubsub' build argument 'cmake_force_configure' from command line to 'False'
[0.662s] Level 5:colcon.colcon_core.verb:set package 'py_pubsub' build argument 'ament_cmake_args' from command line to 'None'
[0.662s] Level 5:colcon.colcon_core.verb:set package 'py_pubsub' build argument 'catkin_cmake_args' from command line to 'None'
[0.662s] Level 5:colcon.colcon_core.verb:set package 'py_pubsub' build argument 'catkin_skip_building_tests' from command line to 'False'
[0.662s] DEBUG:colcon.colcon_core.verb:Building package 'py_pubsub' with the following arguments: {'ament_cmake_args': None, 'build_base': '/home/nvidia/ros_ws/build/py_pubsub', 'catkin_cmake_args': None, 'catkin_skip_building_tests': False, 'cmake_args': None, 'cmake_clean_cache': False, 'cmake_clean_first': False, 'cmake_force_configure': False, 'cmake_target': None, 'cmake_target_skip_unavailable': False, 'install_base': '/home/nvidia/ros_ws/install/py_pubsub', 'merge_install': False, 'path': '/home/nvidia/ros_ws/src/py_pubsub', 'symlink_install': False, 'test_result_base': None}
[0.662s] INFO:colcon.colcon_core.executor:Executing jobs using 'parallel' executor
[0.664s] DEBUG:colcon.colcon_parallel_executor.executor.parallel:run_until_complete
[0.664s] INFO:colcon.colcon_ros.task.ament_python.build:Building ROS package in '/home/nvidia/ros_ws/src/py_pubsub' with build type 'ament_python'
[0.664s] Level 1:colcon.colcon_core.shell:create_environment_hook('py_pubsub', 'ament_prefix_path')
[0.670s] INFO:colcon.colcon_core.plugin_system:Skipping extension 'colcon_core.shell.bat': Not used on non-Windows systems
[0.670s] INFO:colcon.colcon_core.shell:Creating environment hook '/home/nvidia/ros_ws/install/py_pubsub/share/py_pubsub/hook/ament_prefix_path.ps1'
[0.672s] INFO:colcon.colcon_core.shell:Creating environment descriptor '/home/nvidia/ros_ws/install/py_pubsub/share/py_pubsub/hook/ament_prefix_path.dsv'
[0.673s] INFO:colcon.colcon_core.shell:Creating environment hook '/home/nvidia/ros_ws/install/py_pubsub/share/py_pubsub/hook/ament_prefix_path.sh'
[0.674s] INFO:colcon.colcon_core.shell:Skip shell extension 'powershell' for command environment: Not usable outside of PowerShell
[0.674s] DEBUG:colcon.colcon_core.shell:Skip shell extension 'dsv' for command environment
[1.092s] INFO:colcon.colcon_core.task.python.build:Building Python package in '/home/nvidia/ros_ws/src/py_pubsub'
[1.093s] INFO:colcon.colcon_core.shell:Skip shell extension 'powershell' for command environment: Not usable outside of PowerShell
[1.093s] DEBUG:colcon.colcon_core.shell:Skip shell extension 'dsv' for command environment
[2.329s] DEBUG:colcon.colcon_core.task.python.build:Available setuptools commands: bdist, build, install_scripts, egg_info, build_py, setopt, install, bdist_egg, install_headers, register, bdist_dumb, install_data, build_clib, bdist_rpm, rotate, build_scripts, saveopts, install_lib, build_ext, symlink_data, alias, extract_messages, test, upload_docs, editable_wheel, compile_catalog, update_catalog, check, install_egg_info, upload, develop, dist_info, easy_install, sdist, clean, init_catalog
[2.334s] DEBUG:colcon.colcon_core.event_handler.log_command:Invoking command in '/home/nvidia/ros_ws/src/py_pubsub': DEBUGINFOD_URLS=https://debuginfod.ubuntu.com PYTHONPATH=/home/nvidia/ros_ws/build/py_pubsub/prefix_override:/usr/lib/python3/dist-packages/colcon_core/task/python/colcon_distutils_commands:/home/nvidia/ros_ws/install/py_pubsub/lib/python3.12/site-packages:${PYTHONPATH} /usr/bin/python3 -W ignore:setup.py install is deprecated -W ignore:easy_install command is deprecated setup.py egg_info --egg-base ../../build/py_pubsub build --build-base /home/nvidia/ros_ws/build/py_pubsub/build install --record /home/nvidia/ros_ws/build/py_pubsub/install.log --install-scripts $base/lib/py_pubsub --single-version-externally-managed install_data
[3.376s] DEBUG:colcon.colcon_core.event_handler.log_command:Invoked command in '/home/nvidia/ros_ws/src/py_pubsub' returned '0': DEBUGINFOD_URLS=https://debuginfod.ubuntu.com PYTHONPATH=/home/nvidia/ros_ws/build/py_pubsub/prefix_override:/usr/lib/python3/dist-packages/colcon_core/task/python/colcon_distutils_commands:/home/nvidia/ros_ws/install/py_pubsub/lib/python3.12/site-packages:${PYTHONPATH} /usr/bin/python3 -W ignore:setup.py install is deprecated -W ignore:easy_install command is deprecated setup.py egg_info --egg-base ../../build/py_pubsub build --build-base /home/nvidia/ros_ws/build/py_pubsub/build install --record /home/nvidia/ros_ws/build/py_pubsub/install.log --install-scripts $base/lib/py_pubsub --single-version-externally-managed install_data
[3.389s] Level 1:colcon.colcon_core.environment:checking '/home/nvidia/ros_ws/install/py_pubsub' for CMake module files
[3.391s] Level 1:colcon.colcon_core.environment:checking '/home/nvidia/ros_ws/install/py_pubsub' for CMake config files
[3.393s] Level 1:colcon.colcon_core.environment:checking '/home/nvidia/ros_ws/install/py_pubsub/lib'
[3.394s] Level 1:colcon.colcon_core.environment:checking '/home/nvidia/ros_ws/install/py_pubsub/bin'
[3.394s] Level 1:colcon.colcon_core.environment:checking '/home/nvidia/ros_ws/install/py_pubsub/lib/pkgconfig/py_pubsub.pc'
[3.395s] Level 1:colcon.colcon_core.environment:checking '/home/nvidia/ros_ws/install/py_pubsub/lib/python3.12/site-packages'
[3.396s] Level 1:colcon.colcon_core.shell:create_environment_hook('py_pubsub', 'pythonpath')
[3.397s] INFO:colcon.colcon_core.shell:Creating environment hook '/home/nvidia/ros_ws/install/py_pubsub/share/py_pubsub/hook/pythonpath.ps1'
[3.398s] INFO:colcon.colcon_core.shell:Creating environment descriptor '/home/nvidia/ros_ws/install/py_pubsub/share/py_pubsub/hook/pythonpath.dsv'
[3.400s] INFO:colcon.colcon_core.shell:Creating environment hook '/home/nvidia/ros_ws/install/py_pubsub/share/py_pubsub/hook/pythonpath.sh'
[3.402s] Level 1:colcon.colcon_core.environment:checking '/home/nvidia/ros_ws/install/py_pubsub/bin'
[3.403s] Level 1:colcon.colcon_core.environment:create_environment_scripts_only(py_pubsub)
[3.403s] INFO:colcon.colcon_core.shell:Creating package script '/home/nvidia/ros_ws/install/py_pubsub/share/py_pubsub/package.ps1'
[3.408s] INFO:colcon.colcon_core.shell:Creating package descriptor '/home/nvidia/ros_ws/install/py_pubsub/share/py_pubsub/package.dsv'
[3.410s] INFO:colcon.colcon_core.shell:Creating package script '/home/nvidia/ros_ws/install/py_pubsub/share/py_pubsub/package.sh'
[3.414s] INFO:colcon.colcon_core.shell:Creating package script '/home/nvidia/ros_ws/install/py_pubsub/share/py_pubsub/package.bash'
[3.416s] INFO:colcon.colcon_core.shell:Creating package script '/home/nvidia/ros_ws/install/py_pubsub/share/py_pubsub/package.zsh'
[3.419s] Level 1:colcon.colcon_core.environment:create_file_with_runtime_dependencies(/home/nvidia/ros_ws/install/py_pubsub/share/colcon-core/packages/py_pubsub)
[3.420s] DEBUG:colcon.colcon_parallel_executor.executor.parallel:closing loop
[3.421s] DEBUG:colcon.colcon_parallel_executor.executor.parallel:loop closed
[3.422s] DEBUG:colcon.colcon_parallel_executor.executor.parallel:run_until_complete finished with '0'
[3.422s] DEBUG:colcon.colcon_core.event_reactor:joining thread
[3.443s] INFO:colcon.colcon_core.plugin_system:Skipping extension 'colcon_notification.desktop_notification.terminal_notifier': Not used on non-Darwin systems
[3.444s] INFO:colcon.colcon_core.plugin_system:Skipping extension 'colcon_notification.desktop_notification.win32': Not used on non-Windows systems
[3.444s] INFO:colcon.colcon_notification.desktop_notification:Sending desktop notification using 'notify2'
[3.500s] DEBUG:colcon.colcon_core.event_reactor:joined thread
[3.501s] INFO:colcon.colcon_core.shell:Creating prefix script '/home/nvidia/ros_ws/install/local_setup.ps1'
[3.503s] INFO:colcon.colcon_core.shell:Creating prefix util module '/home/nvidia/ros_ws/install/_local_setup_util_ps1.py'
[3.506s] INFO:colcon.colcon_core.shell:Creating prefix chain script '/home/nvidia/ros_ws/install/setup.ps1'
[3.508s] INFO:colcon.colcon_core.shell:Creating prefix script '/home/nvidia/ros_ws/install/local_setup.sh'
[3.510s] INFO:colcon.colcon_core.shell:Creating prefix util module '/home/nvidia/ros_ws/install/_local_setup_util_sh.py'
[3.511s] INFO:colcon.colcon_core.shell:Creating prefix chain script '/home/nvidia/ros_ws/install/setup.sh'
[3.513s] INFO:colcon.colcon_core.shell:Creating prefix script '/home/nvidia/ros_ws/install/local_setup.bash'
[3.514s] INFO:colcon.colcon_core.shell:Creating prefix chain script '/home/nvidia/ros_ws/install/setup.bash'
[3.516s] INFO:colcon.colcon_core.shell:Creating prefix script '/home/nvidia/ros_ws/install/local_setup.zsh'
[3.517s] INFO:colcon.colcon_core.shell:Creating prefix chain script '/home/nvidia/ros_ws/install/setup.zsh'
