[0.252s] DEBUG:colcon:Command line arguments: ['/usr/bin/colcon', 'build', '--packages-select', 'py_pubsub']
[0.253s] DEBUG:colcon:Parsed command line arguments: Namespace(log_base=None, log_level=None, verb_name='build', build_base='build', install_base='install', merge_install=False, symlink_install=False, test_result_base=None, continue_on_error=False, executor='parallel', parallel_workers=6, event_handlers=None, ignore_user_meta=False, metas=['./colcon.meta'], base_paths=['.'], packages_ignore=None, packages_ignore_regex=None, paths=None, packages_up_to=None, packages_up_to_regex=None, packages_above=None, packages_above_and_dependencies=None, packages_above_depth=None, packages_select_by_dep=None, packages_skip_by_dep=None, packages_skip_up_to=None, packages_select_build_failed=False, packages_skip_build_finished=False, packages_select_test_failures=False, packages_skip_test_passed=False, packages_select=['py_pubsub'], packages_skip=None, packages_select_regex=None, packages_skip_regex=None, packages_start=None, packages_end=None, allow_overriding=[], cmake_args=None, cmake_target=None, cmake_target_skip_unavailable=False, cmake_clean_cache=False, cmake_clean_first=False, cmake_force_configure=False, ament_cmake_args=None, catkin_cmake_args=None, catkin_skip_building_tests=False, mixin_files=None, mixin=None, verb_parser=<colcon_mixin.mixin.mixin_argument.MixinArgumentDecorator object at 0xffff8eb3cfe0>, verb_extension=<colcon_core.verb.build.BuildVerb object at 0xffff8eb3dfd0>, main=<bound method BuildVerb.main of <colcon_core.verb.build.BuildVerb object at 0xffff8eb3dfd0>>, mixin_verb=('build',))
[0.343s] Level 1:colcon.colcon_core.package_discovery:discover_packages(colcon_meta) check parameters
[0.343s] Level 1:colcon.colcon_core.package_discovery:discover_packages(recursive) check parameters
[0.343s] Level 1:colcon.colcon_core.package_discovery:discover_packages(ignore) check parameters
[0.343s] Level 1:colcon.colcon_core.package_discovery:discover_packages(path) check parameters
[0.344s] Level 1:colcon.colcon_core.package_discovery:discover_packages(colcon_meta) discover
[0.344s] Level 1:colcon.colcon_core.package_discovery:discover_packages(recursive) discover
[0.344s] INFO:colcon.colcon_core.package_discovery:Crawling recursively for packages in '/home/nvidia/ros_ws'
[0.344s] Level 1:colcon.colcon_core.package_identification:_identify(.) by extensions ['ignore', 'ignore_ament_install']
[0.344s] Level 1:colcon.colcon_core.package_identification:_identify(.) by extension 'ignore'
[0.344s] Level 1:colcon.colcon_core.package_identification:_identify(.) by extension 'ignore_ament_install'
[0.345s] Level 1:colcon.colcon_core.package_identification:_identify(.) by extensions ['colcon_pkg']
[0.345s] Level 1:colcon.colcon_core.package_identification:_identify(.) by extension 'colcon_pkg'
[0.345s] Level 1:colcon.colcon_core.package_identification:_identify(.) by extensions ['colcon_meta']
[0.345s] Level 1:colcon.colcon_core.package_identification:_identify(.) by extension 'colcon_meta'
[0.345s] Level 1:colcon.colcon_core.package_identification:_identify(.) by extensions ['ros']
[0.345s] Level 1:colcon.colcon_core.package_identification:_identify(.) by extension 'ros'
[0.394s] Level 1:colcon.colcon_core.package_identification:_identify(.) by extensions ['cmake', 'python']
[0.395s] Level 1:colcon.colcon_core.package_identification:_identify(.) by extension 'cmake'
[0.395s] Level 1:colcon.colcon_core.package_identification:_identify(.) by extension 'python'
[0.395s] Level 1:colcon.colcon_core.package_identification:_identify(.) by extensions ['python_setup_py']
[0.395s] Level 1:colcon.colcon_core.package_identification:_identify(.) by extension 'python_setup_py'
[0.395s] Level 1:colcon.colcon_core.package_identification:_identify(__pycache__) by extensions ['ignore', 'ignore_ament_install']
[0.395s] Level 1:colcon.colcon_core.package_identification:_identify(__pycache__) by extension 'ignore'
[0.395s] Level 1:colcon.colcon_core.package_identification:_identify(__pycache__) by extension 'ignore_ament_install'
[0.396s] Level 1:colcon.colcon_core.package_identification:_identify(__pycache__) by extensions ['colcon_pkg']
[0.396s] Level 1:colcon.colcon_core.package_identification:_identify(__pycache__) by extension 'colcon_pkg'
[0.396s] Level 1:colcon.colcon_core.package_identification:_identify(__pycache__) by extensions ['colcon_meta']
[0.396s] Level 1:colcon.colcon_core.package_identification:_identify(__pycache__) by extension 'colcon_meta'
[0.396s] Level 1:colcon.colcon_core.package_identification:_identify(__pycache__) by extensions ['ros']
[0.396s] Level 1:colcon.colcon_core.package_identification:_identify(__pycache__) by extension 'ros'
[0.396s] Level 1:colcon.colcon_core.package_identification:_identify(__pycache__) by extensions ['cmake', 'python']
[0.396s] Level 1:colcon.colcon_core.package_identification:_identify(__pycache__) by extension 'cmake'
[0.396s] Level 1:colcon.colcon_core.package_identification:_identify(__pycache__) by extension 'python'
[0.396s] Level 1:colcon.colcon_core.package_identification:_identify(__pycache__) by extensions ['python_setup_py']
[0.396s] Level 1:colcon.colcon_core.package_identification:_identify(__pycache__) by extension 'python_setup_py'
[0.397s] Level 1:colcon.colcon_core.package_identification:_identify(build) by extensions ['ignore', 'ignore_ament_install']
[0.397s] Level 1:colcon.colcon_core.package_identification:_identify(build) by extension 'ignore'
[0.397s] Level 1:colcon.colcon_core.package_identification:_identify(build) ignored
[0.397s] Level 1:colcon.colcon_core.package_identification:_identify(docs) by extensions ['ignore', 'ignore_ament_install']
[0.397s] Level 1:colcon.colcon_core.package_identification:_identify(docs) by extension 'ignore'
[0.397s] Level 1:colcon.colcon_core.package_identification:_identify(docs) by extension 'ignore_ament_install'
[0.397s] Level 1:colcon.colcon_core.package_identification:_identify(docs) by extensions ['colcon_pkg']
[0.397s] Level 1:colcon.colcon_core.package_identification:_identify(docs) by extension 'colcon_pkg'
[0.397s] Level 1:colcon.colcon_core.package_identification:_identify(docs) by extensions ['colcon_meta']
[0.398s] Level 1:colcon.colcon_core.package_identification:_identify(docs) by extension 'colcon_meta'
[0.398s] Level 1:colcon.colcon_core.package_identification:_identify(docs) by extensions ['ros']
[0.398s] Level 1:colcon.colcon_core.package_identification:_identify(docs) by extension 'ros'
[0.398s] Level 1:colcon.colcon_core.package_identification:_identify(docs) by extensions ['cmake', 'python']
[0.398s] Level 1:colcon.colcon_core.package_identification:_identify(docs) by extension 'cmake'
[0.398s] Level 1:colcon.colcon_core.package_identification:_identify(docs) by extension 'python'
[0.398s] Level 1:colcon.colcon_core.package_identification:_identify(docs) by extensions ['python_setup_py']
[0.398s] Level 1:colcon.colcon_core.package_identification:_identify(docs) by extension 'python_setup_py'
[0.398s] Level 1:colcon.colcon_core.package_identification:_identify(docs/_site) by extensions ['ignore', 'ignore_ament_install']
[0.398s] Level 1:colcon.colcon_core.package_identification:_identify(docs/_site) by extension 'ignore'
[0.398s] Level 1:colcon.colcon_core.package_identification:_identify(docs/_site) by extension 'ignore_ament_install'
[0.399s] Level 1:colcon.colcon_core.package_identification:_identify(docs/_site) by extensions ['colcon_pkg']
[0.399s] Level 1:colcon.colcon_core.package_identification:_identify(docs/_site) by extension 'colcon_pkg'
[0.399s] Level 1:colcon.colcon_core.package_identification:_identify(docs/_site) by extensions ['colcon_meta']
[0.399s] Level 1:colcon.colcon_core.package_identification:_identify(docs/_site) by extension 'colcon_meta'
[0.399s] Level 1:colcon.colcon_core.package_identification:_identify(docs/_site) by extensions ['ros']
[0.399s] Level 1:colcon.colcon_core.package_identification:_identify(docs/_site) by extension 'ros'
[0.399s] Level 1:colcon.colcon_core.package_identification:_identify(docs/_site) by extensions ['cmake', 'python']
[0.399s] Level 1:colcon.colcon_core.package_identification:_identify(docs/_site) by extension 'cmake'
[0.399s] Level 1:colcon.colcon_core.package_identification:_identify(docs/_site) by extension 'python'
[0.399s] Level 1:colcon.colcon_core.package_identification:_identify(docs/_site) by extensions ['python_setup_py']
[0.399s] Level 1:colcon.colcon_core.package_identification:_identify(docs/_site) by extension 'python_setup_py'
[0.399s] Level 1:colcon.colcon_core.package_identification:_identify(docs/_site/about) by extensions ['ignore', 'ignore_ament_install']
[0.400s] Level 1:colcon.colcon_core.package_identification:_identify(docs/_site/about) by extension 'ignore'
[0.400s] Level 1:colcon.colcon_core.package_identification:_identify(docs/_site/about) by extension 'ignore_ament_install'
[0.400s] Level 1:colcon.colcon_core.package_identification:_identify(docs/_site/about) by extensions ['colcon_pkg']
[0.400s] Level 1:colcon.colcon_core.package_identification:_identify(docs/_site/about) by extension 'colcon_pkg'
[0.400s] Level 1:colcon.colcon_core.package_identification:_identify(docs/_site/about) by extensions ['colcon_meta']
[0.400s] Level 1:colcon.colcon_core.package_identification:_identify(docs/_site/about) by extension 'colcon_meta'
[0.400s] Level 1:colcon.colcon_core.package_identification:_identify(docs/_site/about) by extensions ['ros']
[0.400s] Level 1:colcon.colcon_core.package_identification:_identify(docs/_site/about) by extension 'ros'
[0.400s] Level 1:colcon.colcon_core.package_identification:_identify(docs/_site/about) by extensions ['cmake', 'python']
[0.400s] Level 1:colcon.colcon_core.package_identification:_identify(docs/_site/about) by extension 'cmake'
[0.400s] Level 1:colcon.colcon_core.package_identification:_identify(docs/_site/about) by extension 'python'
[0.400s] Level 1:colcon.colcon_core.package_identification:_identify(docs/_site/about) by extensions ['python_setup_py']
[0.400s] Level 1:colcon.colcon_core.package_identification:_identify(docs/_site/about) by extension 'python_setup_py'
[0.401s] Level 1:colcon.colcon_core.package_identification:_identify(docs/_site/assets) by extensions ['ignore', 'ignore_ament_install']
[0.401s] Level 1:colcon.colcon_core.package_identification:_identify(docs/_site/assets) by extension 'ignore'
[0.401s] Level 1:colcon.colcon_core.package_identification:_identify(docs/_site/assets) by extension 'ignore_ament_install'
[0.401s] Level 1:colcon.colcon_core.package_identification:_identify(docs/_site/assets) by extensions ['colcon_pkg']
[0.401s] Level 1:colcon.colcon_core.package_identification:_identify(docs/_site/assets) by extension 'colcon_pkg'
[0.401s] Level 1:colcon.colcon_core.package_identification:_identify(docs/_site/assets) by extensions ['colcon_meta']
[0.401s] Level 1:colcon.colcon_core.package_identification:_identify(docs/_site/assets) by extension 'colcon_meta'
[0.401s] Level 1:colcon.colcon_core.package_identification:_identify(docs/_site/assets) by extensions ['ros']
[0.401s] Level 1:colcon.colcon_core.package_identification:_identify(docs/_site/assets) by extension 'ros'
[0.401s] Level 1:colcon.colcon_core.package_identification:_identify(docs/_site/assets) by extensions ['cmake', 'python']
[0.401s] Level 1:colcon.colcon_core.package_identification:_identify(docs/_site/assets) by extension 'cmake'
[0.402s] Level 1:colcon.colcon_core.package_identification:_identify(docs/_site/assets) by extension 'python'
[0.402s] Level 1:colcon.colcon_core.package_identification:_identify(docs/_site/assets) by extensions ['python_setup_py']
[0.402s] Level 1:colcon.colcon_core.package_identification:_identify(docs/_site/assets) by extension 'python_setup_py'
[0.402s] Level 1:colcon.colcon_core.package_identification:_identify(docs/_site/assets/css) by extensions ['ignore', 'ignore_ament_install']
[0.402s] Level 1:colcon.colcon_core.package_identification:_identify(docs/_site/assets/css) by extension 'ignore'
[0.402s] Level 1:colcon.colcon_core.package_identification:_identify(docs/_site/assets/css) by extension 'ignore_ament_install'
[0.402s] Level 1:colcon.colcon_core.package_identification:_identify(docs/_site/assets/css) by extensions ['colcon_pkg']
[0.402s] Level 1:colcon.colcon_core.package_identification:_identify(docs/_site/assets/css) by extension 'colcon_pkg'
[0.402s] Level 1:colcon.colcon_core.package_identification:_identify(docs/_site/assets/css) by extensions ['colcon_meta']
[0.402s] Level 1:colcon.colcon_core.package_identification:_identify(docs/_site/assets/css) by extension 'colcon_meta'
[0.402s] Level 1:colcon.colcon_core.package_identification:_identify(docs/_site/assets/css) by extensions ['ros']
[0.403s] Level 1:colcon.colcon_core.package_identification:_identify(docs/_site/assets/css) by extension 'ros'
[0.403s] Level 1:colcon.colcon_core.package_identification:_identify(docs/_site/assets/css) by extensions ['cmake', 'python']
[0.403s] Level 1:colcon.colcon_core.package_identification:_identify(docs/_site/assets/css) by extension 'cmake'
[0.403s] Level 1:colcon.colcon_core.package_identification:_identify(docs/_site/assets/css) by extension 'python'
[0.403s] Level 1:colcon.colcon_core.package_identification:_identify(docs/_site/assets/css) by extensions ['python_setup_py']
[0.403s] Level 1:colcon.colcon_core.package_identification:_identify(docs/_site/assets/css) by extension 'python_setup_py'
[0.403s] Level 1:colcon.colcon_core.package_identification:_identify(docs/_site/assets/data) by extensions ['ignore', 'ignore_ament_install']
[0.403s] Level 1:colcon.colcon_core.package_identification:_identify(docs/_site/assets/data) by extension 'ignore'
[0.403s] Level 1:colcon.colcon_core.package_identification:_identify(docs/_site/assets/data) by extension 'ignore_ament_install'
[0.403s] Level 1:colcon.colcon_core.package_identification:_identify(docs/_site/assets/data) by extensions ['colcon_pkg']
[0.403s] Level 1:colcon.colcon_core.package_identification:_identify(docs/_site/assets/data) by extension 'colcon_pkg'
[0.404s] Level 1:colcon.colcon_core.package_identification:_identify(docs/_site/assets/data) by extensions ['colcon_meta']
[0.404s] Level 1:colcon.colcon_core.package_identification:_identify(docs/_site/assets/data) by extension 'colcon_meta'
[0.404s] Level 1:colcon.colcon_core.package_identification:_identify(docs/_site/assets/data) by extensions ['ros']
[0.404s] Level 1:colcon.colcon_core.package_identification:_identify(docs/_site/assets/data) by extension 'ros'
[0.404s] Level 1:colcon.colcon_core.package_identification:_identify(docs/_site/assets/data) by extensions ['cmake', 'python']
[0.404s] Level 1:colcon.colcon_core.package_identification:_identify(docs/_site/assets/data) by extension 'cmake'
[0.404s] Level 1:colcon.colcon_core.package_identification:_identify(docs/_site/assets/data) by extension 'python'
[0.404s] Level 1:colcon.colcon_core.package_identification:_identify(docs/_site/assets/data) by extensions ['python_setup_py']
[0.404s] Level 1:colcon.colcon_core.package_identification:_identify(docs/_site/assets/data) by extension 'python_setup_py'
[0.404s] Level 1:colcon.colcon_core.package_identification:_identify(docs/_site/assets/icons) by extensions ['ignore', 'ignore_ament_install']
[0.404s] Level 1:colcon.colcon_core.package_identification:_identify(docs/_site/assets/icons) by extension 'ignore'
[0.405s] Level 1:colcon.colcon_core.package_identification:_identify(docs/_site/assets/icons) by extension 'ignore_ament_install'
[0.405s] Level 1:colcon.colcon_core.package_identification:_identify(docs/_site/assets/icons) by extensions ['colcon_pkg']
[0.405s] Level 1:colcon.colcon_core.package_identification:_identify(docs/_site/assets/icons) by extension 'colcon_pkg'
[0.405s] Level 1:colcon.colcon_core.package_identification:_identify(docs/_site/assets/icons) by extensions ['colcon_meta']
[0.405s] Level 1:colcon.colcon_core.package_identification:_identify(docs/_site/assets/icons) by extension 'colcon_meta'
[0.405s] Level 1:colcon.colcon_core.package_identification:_identify(docs/_site/assets/icons) by extensions ['ros']
[0.405s] Level 1:colcon.colcon_core.package_identification:_identify(docs/_site/assets/icons) by extension 'ros'
[0.405s] Level 1:colcon.colcon_core.package_identification:_identify(docs/_site/assets/icons) by extensions ['cmake', 'python']
[0.405s] Level 1:colcon.colcon_core.package_identification:_identify(docs/_site/assets/icons) by extension 'cmake'
[0.405s] Level 1:colcon.colcon_core.package_identification:_identify(docs/_site/assets/icons) by extension 'python'
[0.405s] Level 1:colcon.colcon_core.package_identification:_identify(docs/_site/assets/icons) by extensions ['python_setup_py']
[0.405s] Level 1:colcon.colcon_core.package_identification:_identify(docs/_site/assets/icons) by extension 'python_setup_py'
[0.406s] Level 1:colcon.colcon_core.package_identification:_identify(docs/_site/assets/js) by extensions ['ignore', 'ignore_ament_install']
[0.406s] Level 1:colcon.colcon_core.package_identification:_identify(docs/_site/assets/js) by extension 'ignore'
[0.406s] Level 1:colcon.colcon_core.package_identification:_identify(docs/_site/assets/js) by extension 'ignore_ament_install'
[0.406s] Level 1:colcon.colcon_core.package_identification:_identify(docs/_site/assets/js) by extensions ['colcon_pkg']
[0.406s] Level 1:colcon.colcon_core.package_identification:_identify(docs/_site/assets/js) by extension 'colcon_pkg'
[0.406s] Level 1:colcon.colcon_core.package_identification:_identify(docs/_site/assets/js) by extensions ['colcon_meta']
[0.406s] Level 1:colcon.colcon_core.package_identification:_identify(docs/_site/assets/js) by extension 'colcon_meta'
[0.406s] Level 1:colcon.colcon_core.package_identification:_identify(docs/_site/assets/js) by extensions ['ros']
[0.406s] Level 1:colcon.colcon_core.package_identification:_identify(docs/_site/assets/js) by extension 'ros'
[0.406s] Level 1:colcon.colcon_core.package_identification:_identify(docs/_site/assets/js) by extensions ['cmake', 'python']
[0.406s] Level 1:colcon.colcon_core.package_identification:_identify(docs/_site/assets/js) by extension 'cmake'
[0.407s] Level 1:colcon.colcon_core.package_identification:_identify(docs/_site/assets/js) by extension 'python'
[0.407s] Level 1:colcon.colcon_core.package_identification:_identify(docs/_site/assets/js) by extensions ['python_setup_py']
[0.407s] Level 1:colcon.colcon_core.package_identification:_identify(docs/_site/assets/js) by extension 'python_setup_py'
[0.407s] Level 1:colcon.colcon_core.package_identification:_identify(docs/_site/commands) by extensions ['ignore', 'ignore_ament_install']
[0.407s] Level 1:colcon.colcon_core.package_identification:_identify(docs/_site/commands) by extension 'ignore'
[0.407s] Level 1:colcon.colcon_core.package_identification:_identify(docs/_site/commands) by extension 'ignore_ament_install'
[0.407s] Level 1:colcon.colcon_core.package_identification:_identify(docs/_site/commands) by extensions ['colcon_pkg']
[0.407s] Level 1:colcon.colcon_core.package_identification:_identify(docs/_site/commands) by extension 'colcon_pkg'
[0.407s] Level 1:colcon.colcon_core.package_identification:_identify(docs/_site/commands) by extensions ['colcon_meta']
[0.407s] Level 1:colcon.colcon_core.package_identification:_identify(docs/_site/commands) by extension 'colcon_meta'
[0.407s] Level 1:colcon.colcon_core.package_identification:_identify(docs/_site/commands) by extensions ['ros']
[0.407s] Level 1:colcon.colcon_core.package_identification:_identify(docs/_site/commands) by extension 'ros'
[0.408s] Level 1:colcon.colcon_core.package_identification:_identify(docs/_site/commands) by extensions ['cmake', 'python']
[0.408s] Level 1:colcon.colcon_core.package_identification:_identify(docs/_site/commands) by extension 'cmake'
[0.408s] Level 1:colcon.colcon_core.package_identification:_identify(docs/_site/commands) by extension 'python'
[0.408s] Level 1:colcon.colcon_core.package_identification:_identify(docs/_site/commands) by extensions ['python_setup_py']
[0.408s] Level 1:colcon.colcon_core.package_identification:_identify(docs/_site/commands) by extension 'python_setup_py'
[0.408s] Level 1:colcon.colcon_core.package_identification:_identify(docs/_site/ros2) by extensions ['ignore', 'ignore_ament_install']
[0.408s] Level 1:colcon.colcon_core.package_identification:_identify(docs/_site/ros2) by extension 'ignore'
[0.408s] Level 1:colcon.colcon_core.package_identification:_identify(docs/_site/ros2) by extension 'ignore_ament_install'
[0.408s] Level 1:colcon.colcon_core.package_identification:_identify(docs/_site/ros2) by extensions ['colcon_pkg']
[0.408s] Level 1:colcon.colcon_core.package_identification:_identify(docs/_site/ros2) by extension 'colcon_pkg'
[0.408s] Level 1:colcon.colcon_core.package_identification:_identify(docs/_site/ros2) by extensions ['colcon_meta']
[0.409s] Level 1:colcon.colcon_core.package_identification:_identify(docs/_site/ros2) by extension 'colcon_meta'
[0.409s] Level 1:colcon.colcon_core.package_identification:_identify(docs/_site/ros2) by extensions ['ros']
[0.409s] Level 1:colcon.colcon_core.package_identification:_identify(docs/_site/ros2) by extension 'ros'
[0.409s] Level 1:colcon.colcon_core.package_identification:_identify(docs/_site/ros2) by extensions ['cmake', 'python']
[0.409s] Level 1:colcon.colcon_core.package_identification:_identify(docs/_site/ros2) by extension 'cmake'
[0.409s] Level 1:colcon.colcon_core.package_identification:_identify(docs/_site/ros2) by extension 'python'
[0.409s] Level 1:colcon.colcon_core.package_identification:_identify(docs/_site/ros2) by extensions ['python_setup_py']
[0.409s] Level 1:colcon.colcon_core.package_identification:_identify(docs/_site/ros2) by extension 'python_setup_py'
[0.409s] Level 1:colcon.colcon_core.package_identification:_identify(docs/_site/ros2/tutorial) by extensions ['ignore', 'ignore_ament_install']
[0.409s] Level 1:colcon.colcon_core.package_identification:_identify(docs/_site/ros2/tutorial) by extension 'ignore'
[0.409s] Level 1:colcon.colcon_core.package_identification:_identify(docs/_site/ros2/tutorial) by extension 'ignore_ament_install'
[0.410s] Level 1:colcon.colcon_core.package_identification:_identify(docs/_site/ros2/tutorial) by extensions ['colcon_pkg']
[0.410s] Level 1:colcon.colcon_core.package_identification:_identify(docs/_site/ros2/tutorial) by extension 'colcon_pkg'
[0.410s] Level 1:colcon.colcon_core.package_identification:_identify(docs/_site/ros2/tutorial) by extensions ['colcon_meta']
[0.410s] Level 1:colcon.colcon_core.package_identification:_identify(docs/_site/ros2/tutorial) by extension 'colcon_meta'
[0.410s] Level 1:colcon.colcon_core.package_identification:_identify(docs/_site/ros2/tutorial) by extensions ['ros']
[0.410s] Level 1:colcon.colcon_core.package_identification:_identify(docs/_site/ros2/tutorial) by extension 'ros'
[0.410s] Level 1:colcon.colcon_core.package_identification:_identify(docs/_site/ros2/tutorial) by extensions ['cmake', 'python']
[0.410s] Level 1:colcon.colcon_core.package_identification:_identify(docs/_site/ros2/tutorial) by extension 'cmake'
[0.410s] Level 1:colcon.colcon_core.package_identification:_identify(docs/_site/ros2/tutorial) by extension 'python'
[0.410s] Level 1:colcon.colcon_core.package_identification:_identify(docs/_site/ros2/tutorial) by extensions ['python_setup_py']
[0.410s] Level 1:colcon.colcon_core.package_identification:_identify(docs/_site/ros2/tutorial) by extension 'python_setup_py'
[0.410s] Level 1:colcon.colcon_core.package_identification:_identify(docs/_site/ros2/tutorial/2026) by extensions ['ignore', 'ignore_ament_install']
[0.411s] Level 1:colcon.colcon_core.package_identification:_identify(docs/_site/ros2/tutorial/2026) by extension 'ignore'
[0.411s] Level 1:colcon.colcon_core.package_identification:_identify(docs/_site/ros2/tutorial/2026) by extension 'ignore_ament_install'
[0.411s] Level 1:colcon.colcon_core.package_identification:_identify(docs/_site/ros2/tutorial/2026) by extensions ['colcon_pkg']
[0.411s] Level 1:colcon.colcon_core.package_identification:_identify(docs/_site/ros2/tutorial/2026) by extension 'colcon_pkg'
[0.411s] Level 1:colcon.colcon_core.package_identification:_identify(docs/_site/ros2/tutorial/2026) by extensions ['colcon_meta']
[0.411s] Level 1:colcon.colcon_core.package_identification:_identify(docs/_site/ros2/tutorial/2026) by extension 'colcon_meta'
[0.411s] Level 1:colcon.colcon_core.package_identification:_identify(docs/_site/ros2/tutorial/2026) by extensions ['ros']
[0.411s] Level 1:colcon.colcon_core.package_identification:_identify(docs/_site/ros2/tutorial/2026) by extension 'ros'
[0.411s] Level 1:colcon.colcon_core.package_identification:_identify(docs/_site/ros2/tutorial/2026) by extensions ['cmake', 'python']
[0.411s] Level 1:colcon.colcon_core.package_identification:_identify(docs/_site/ros2/tutorial/2026) by extension 'cmake'
[0.411s] Level 1:colcon.colcon_core.package_identification:_identify(docs/_site/ros2/tutorial/2026) by extension 'python'
[0.412s] Level 1:colcon.colcon_core.package_identification:_identify(docs/_site/ros2/tutorial/2026) by extensions ['python_setup_py']
[0.412s] Level 1:colcon.colcon_core.package_identification:_identify(docs/_site/ros2/tutorial/2026) by extension 'python_setup_py'
[0.412s] Level 1:colcon.colcon_core.package_identification:_identify(docs/_site/ros2/tutorial/2026/08) by extensions ['ignore', 'ignore_ament_install']
[0.412s] Level 1:colcon.colcon_core.package_identification:_identify(docs/_site/ros2/tutorial/2026/08) by extension 'ignore'
[0.412s] Level 1:colcon.colcon_core.package_identification:_identify(docs/_site/ros2/tutorial/2026/08) by extension 'ignore_ament_install'
[0.412s] Level 1:colcon.colcon_core.package_identification:_identify(docs/_site/ros2/tutorial/2026/08) by extensions ['colcon_pkg']
[0.412s] Level 1:colcon.colcon_core.package_identification:_identify(docs/_site/ros2/tutorial/2026/08) by extension 'colcon_pkg'
[0.412s] Level 1:colcon.colcon_core.package_identification:_identify(docs/_site/ros2/tutorial/2026/08) by extensions ['colcon_meta']
[0.412s] Level 1:colcon.colcon_core.package_identification:_identify(docs/_site/ros2/tutorial/2026/08) by extension 'colcon_meta'
[0.412s] Level 1:colcon.colcon_core.package_identification:_identify(docs/_site/ros2/tutorial/2026/08) by extensions ['ros']
[0.413s] Level 1:colcon.colcon_core.package_identification:_identify(docs/_site/ros2/tutorial/2026/08) by extension 'ros'
[0.413s] Level 1:colcon.colcon_core.package_identification:_identify(docs/_site/ros2/tutorial/2026/08) by extensions ['cmake', 'python']
[0.413s] Level 1:colcon.colcon_core.package_identification:_identify(docs/_site/ros2/tutorial/2026/08) by extension 'cmake'
[0.413s] Level 1:colcon.colcon_core.package_identification:_identify(docs/_site/ros2/tutorial/2026/08) by extension 'python'
[0.413s] Level 1:colcon.colcon_core.package_identification:_identify(docs/_site/ros2/tutorial/2026/08) by extensions ['python_setup_py']
[0.413s] Level 1:colcon.colcon_core.package_identification:_identify(docs/_site/ros2/tutorial/2026/08) by extension 'python_setup_py'
[0.413s] Level 1:colcon.colcon_core.package_identification:_identify(docs/_site/ros2/tutorial/2026/08/05) by extensions ['ignore', 'ignore_ament_install']
[0.413s] Level 1:colcon.colcon_core.package_identification:_identify(docs/_site/ros2/tutorial/2026/08/05) by extension 'ignore'
[0.413s] Level 1:colcon.colcon_core.package_identification:_identify(docs/_site/ros2/tutorial/2026/08/05) by extension 'ignore_ament_install'
[0.414s] Level 1:colcon.colcon_core.package_identification:_identify(docs/_site/ros2/tutorial/2026/08/05) by extensions ['colcon_pkg']
[0.414s] Level 1:colcon.colcon_core.package_identification:_identify(docs/_site/ros2/tutorial/2026/08/05) by extension 'colcon_pkg'
[0.414s] Level 1:colcon.colcon_core.package_identification:_identify(docs/_site/ros2/tutorial/2026/08/05) by extensions ['colcon_meta']
[0.414s] Level 1:colcon.colcon_core.package_identification:_identify(docs/_site/ros2/tutorial/2026/08/05) by extension 'colcon_meta'
[0.414s] Level 1:colcon.colcon_core.package_identification:_identify(docs/_site/ros2/tutorial/2026/08/05) by extensions ['ros']
[0.414s] Level 1:colcon.colcon_core.package_identification:_identify(docs/_site/ros2/tutorial/2026/08/05) by extension 'ros'
[0.414s] Level 1:colcon.colcon_core.package_identification:_identify(docs/_site/ros2/tutorial/2026/08/05) by extensions ['cmake', 'python']
[0.414s] Level 1:colcon.colcon_core.package_identification:_identify(docs/_site/ros2/tutorial/2026/08/05) by extension 'cmake'
[0.414s] Level 1:colcon.colcon_core.package_identification:_identify(docs/_site/ros2/tutorial/2026/08/05) by extension 'python'
[0.414s] Level 1:colcon.colcon_core.package_identification:_identify(docs/_site/ros2/tutorial/2026/08/05) by extensions ['python_setup_py']
[0.414s] Level 1:colcon.colcon_core.package_identification:_identify(docs/_site/ros2/tutorial/2026/08/05) by extension 'python_setup_py'
[0.414s] Level 1:colcon.colcon_core.package_identification:_identify(install) by extensions ['ignore', 'ignore_ament_install']
[0.415s] Level 1:colcon.colcon_core.package_identification:_identify(install) by extension 'ignore'
[0.415s] Level 1:colcon.colcon_core.package_identification:_identify(install) ignored
[0.415s] Level 1:colcon.colcon_core.package_identification:_identify(log) by extensions ['ignore', 'ignore_ament_install']
[0.415s] Level 1:colcon.colcon_core.package_identification:_identify(log) by extension 'ignore'
[0.415s] Level 1:colcon.colcon_core.package_identification:_identify(log) ignored
[0.415s] Level 1:colcon.colcon_core.package_identification:_identify(src) by extensions ['ignore', 'ignore_ament_install']
[0.415s] Level 1:colcon.colcon_core.package_identification:_identify(src) by extension 'ignore'
[0.415s] Level 1:colcon.colcon_core.package_identification:_identify(src) by extension 'ignore_ament_install'
[0.415s] Level 1:colcon.colcon_core.package_identification:_identify(src) by extensions ['colcon_pkg']
[0.416s] Level 1:colcon.colcon_core.package_identification:_identify(src) by extension 'colcon_pkg'
[0.416s] Level 1:colcon.colcon_core.package_identification:_identify(src) by extensions ['colcon_meta']
[0.416s] Level 1:colcon.colcon_core.package_identification:_identify(src) by extension 'colcon_meta'
[0.416s] Level 1:colcon.colcon_core.package_identification:_identify(src) by extensions ['ros']
[0.416s] Level 1:colcon.colcon_core.package_identification:_identify(src) by extension 'ros'
[0.416s] Level 1:colcon.colcon_core.package_identification:_identify(src) by extensions ['cmake', 'python']
[0.416s] Level 1:colcon.colcon_core.package_identification:_identify(src) by extension 'cmake'
[0.416s] Level 1:colcon.colcon_core.package_identification:_identify(src) by extension 'python'
[0.416s] Level 1:colcon.colcon_core.package_identification:_identify(src) by extensions ['python_setup_py']
[0.416s] Level 1:colcon.colcon_core.package_identification:_identify(src) by extension 'python_setup_py'
[0.416s] Level 1:colcon.colcon_core.package_identification:_identify(src/my_package) by extensions ['ignore', 'ignore_ament_install']
[0.416s] Level 1:colcon.colcon_core.package_identification:_identify(src/my_package) by extension 'ignore'
[0.417s] Level 1:colcon.colcon_core.package_identification:_identify(src/my_package) by extension 'ignore_ament_install'
[0.417s] Level 1:colcon.colcon_core.package_identification:_identify(src/my_package) by extensions ['colcon_pkg']
[0.417s] Level 1:colcon.colcon_core.package_identification:_identify(src/my_package) by extension 'colcon_pkg'
[0.417s] Level 1:colcon.colcon_core.package_identification:_identify(src/my_package) by extensions ['colcon_meta']
[0.417s] Level 1:colcon.colcon_core.package_identification:_identify(src/my_package) by extension 'colcon_meta'
[0.417s] Level 1:colcon.colcon_core.package_identification:_identify(src/my_package) by extensions ['ros']
[0.417s] Level 1:colcon.colcon_core.package_identification:_identify(src/my_package) by extension 'ros'
[0.421s] DEBUG:colcon.colcon_core.package_identification:Package 'src/my_package' with type 'ros.ament_python' and name 'my_package'
[0.422s] Level 1:colcon.colcon_core.package_identification:_identify(src/py_pubsub) by extensions ['ignore', 'ignore_ament_install']
[0.422s] Level 1:colcon.colcon_core.package_identification:_identify(src/py_pubsub) by extension 'ignore'
[0.422s] Level 1:colcon.colcon_core.package_identification:_identify(src/py_pubsub) by extension 'ignore_ament_install'
[0.422s] Level 1:colcon.colcon_core.package_identification:_identify(src/py_pubsub) by extensions ['colcon_pkg']
[0.422s] Level 1:colcon.colcon_core.package_identification:_identify(src/py_pubsub) by extension 'colcon_pkg'
[0.422s] Level 1:colcon.colcon_core.package_identification:_identify(src/py_pubsub) by extensions ['colcon_meta']
[0.422s] Level 1:colcon.colcon_core.package_identification:_identify(src/py_pubsub) by extension 'colcon_meta'
[0.422s] Level 1:colcon.colcon_core.package_identification:_identify(src/py_pubsub) by extensions ['ros']
[0.422s] Level 1:colcon.colcon_core.package_identification:_identify(src/py_pubsub) by extension 'ros'
[0.423s] DEBUG:colcon.colcon_core.package_identification:Package 'src/py_pubsub' with type 'ros.ament_python' and name 'py_pubsub'
[0.423s] Level 1:colcon.colcon_core.package_identification:_identify(tools) by extensions ['ignore', 'ignore_ament_install']
[0.423s] Level 1:colcon.colcon_core.package_identification:_identify(tools) by extension 'ignore'
[0.424s] Level 1:colcon.colcon_core.package_identification:_identify(tools) by extension 'ignore_ament_install'
[0.424s] Level 1:colcon.colcon_core.package_identification:_identify(tools) by extensions ['colcon_pkg']
[0.424s] Level 1:colcon.colcon_core.package_identification:_identify(tools) by extension 'colcon_pkg'
[0.424s] Level 1:colcon.colcon_core.package_identification:_identify(tools) by extensions ['colcon_meta']
[0.424s] Level 1:colcon.colcon_core.package_identification:_identify(tools) by extension 'colcon_meta'
[0.424s] Level 1:colcon.colcon_core.package_identification:_identify(tools) by extensions ['ros']
[0.424s] Level 1:colcon.colcon_core.package_identification:_identify(tools) by extension 'ros'
[0.424s] Level 1:colcon.colcon_core.package_identification:_identify(tools) by extensions ['cmake', 'python']
[0.424s] Level 1:colcon.colcon_core.package_identification:_identify(tools) by extension 'cmake'
[0.424s] Level 1:colcon.colcon_core.package_identification:_identify(tools) by extension 'python'
[0.424s] Level 1:colcon.colcon_core.package_identification:_identify(tools) by extensions ['python_setup_py']
[0.424s] Level 1:colcon.colcon_core.package_identification:_identify(tools) by extension 'python_setup_py'
[0.424s] Level 1:colcon.colcon_core.package_discovery:discover_packages(recursive) using defaults
[0.425s] Level 1:colcon.colcon_core.package_discovery:discover_packages(ignore) discover
[0.425s] Level 1:colcon.colcon_core.package_discovery:discover_packages(ignore) using defaults
[0.425s] Level 1:colcon.colcon_core.package_discovery:discover_packages(path) discover
[0.425s] Level 1:colcon.colcon_core.package_discovery:discover_packages(path) using defaults
[0.456s] INFO:colcon.colcon_core.package_selection:Skipping not selected package 'my_package' in 'src/my_package'
[0.456s] Level 1:colcon.colcon_core.package_discovery:discover_packages(prefix_path) check parameters
[0.457s] Level 1:colcon.colcon_core.package_discovery:discover_packages(prefix_path) discover
[0.460s] DEBUG:colcon.colcon_installed_package_information.package_discovery:Found 2 installed packages in /home/nvidia/ros_ws/install
[0.462s] DEBUG:colcon.colcon_installed_package_information.package_discovery:Found 345 installed packages in /opt/ros/jazzy
[0.465s] Level 1:colcon.colcon_core.package_discovery:discover_packages(prefix_path) using defaults
[0.549s] Level 5:colcon.colcon_core.verb:set package 'py_pubsub' build argument 'cmake_args' from command line to 'None'
[0.549s] Level 5:colcon.colcon_core.verb:set package 'py_pubsub' build argument 'cmake_target' from command line to 'None'
[0.549s] Level 5:colcon.colcon_core.verb:set package 'py_pubsub' build argument 'cmake_target_skip_unavailable' from command line to 'False'
[0.549s] Level 5:colcon.colcon_core.verb:set package 'py_pubsub' build argument 'cmake_clean_cache' from command line to 'False'
[0.549s] Level 5:colcon.colcon_core.verb:set package 'py_pubsub' build argument 'cmake_clean_first' from command line to 'False'
[0.549s] Level 5:colcon.colcon_core.verb:set package 'py_pubsub' build argument 'cmake_force_configure' from command line to 'False'
[0.549s] Level 5:colcon.colcon_core.verb:set package 'py_pubsub' build argument 'ament_cmake_args' from command line to 'None'
[0.549s] Level 5:colcon.colcon_core.verb:set package 'py_pubsub' build argument 'catkin_cmake_args' from command line to 'None'
[0.549s] Level 5:colcon.colcon_core.verb:set package 'py_pubsub' build argument 'catkin_skip_building_tests' from command line to 'False'
[0.549s] DEBUG:colcon.colcon_core.verb:Building package 'py_pubsub' with the following arguments: {'ament_cmake_args': None, 'build_base': '/home/nvidia/ros_ws/build/py_pubsub', 'catkin_cmake_args': None, 'catkin_skip_building_tests': False, 'cmake_args': None, 'cmake_clean_cache': False, 'cmake_clean_first': False, 'cmake_force_configure': False, 'cmake_target': None, 'cmake_target_skip_unavailable': False, 'install_base': '/home/nvidia/ros_ws/install/py_pubsub', 'merge_install': False, 'path': '/home/nvidia/ros_ws/src/py_pubsub', 'symlink_install': False, 'test_result_base': None}
[0.550s] INFO:colcon.colcon_core.executor:Executing jobs using 'parallel' executor
[0.552s] DEBUG:colcon.colcon_parallel_executor.executor.parallel:run_until_complete
[0.552s] INFO:colcon.colcon_ros.task.ament_python.build:Building ROS package in '/home/nvidia/ros_ws/src/py_pubsub' with build type 'ament_python'
[0.552s] Level 1:colcon.colcon_core.shell:create_environment_hook('py_pubsub', 'ament_prefix_path')
[0.555s] INFO:colcon.colcon_core.plugin_system:Skipping extension 'colcon_core.shell.bat': Not used on non-Windows systems
[0.556s] INFO:colcon.colcon_core.shell:Creating environment hook '/home/nvidia/ros_ws/install/py_pubsub/share/py_pubsub/hook/ament_prefix_path.ps1'
[0.557s] INFO:colcon.colcon_core.shell:Creating environment descriptor '/home/nvidia/ros_ws/install/py_pubsub/share/py_pubsub/hook/ament_prefix_path.dsv'
[0.558s] INFO:colcon.colcon_core.shell:Creating environment hook '/home/nvidia/ros_ws/install/py_pubsub/share/py_pubsub/hook/ament_prefix_path.sh'
[0.559s] INFO:colcon.colcon_core.shell:Skip shell extension 'powershell' for command environment: Not usable outside of PowerShell
[0.559s] DEBUG:colcon.colcon_core.shell:Skip shell extension 'dsv' for command environment
[1.018s] INFO:colcon.colcon_core.task.python.build:Building Python package in '/home/nvidia/ros_ws/src/py_pubsub'
[1.018s] INFO:colcon.colcon_core.shell:Skip shell extension 'powershell' for command environment: Not usable outside of PowerShell
[1.019s] DEBUG:colcon.colcon_core.shell:Skip shell extension 'dsv' for command environment
[2.292s] DEBUG:colcon.colcon_core.task.python.build:Available setuptools commands: bdist_rpm, egg_info, easy_install, upload_docs, editable_wheel, build, register, rotate, test, install_lib, develop, symlink_data, saveopts, extract_messages, update_catalog, init_catalog, dist_info, setopt, alias, install, install_data, upload, build_py, build_clib, build_scripts, install_scripts, bdist_egg, install_headers, compile_catalog, install_egg_info, check, bdist, bdist_dumb, clean, build_ext, sdist
[2.299s] DEBUG:colcon.colcon_core.event_handler.log_command:Invoking command in '/home/nvidia/ros_ws/src/py_pubsub': DEBUGINFOD_URLS=https://debuginfod.ubuntu.com PYTHONPATH=/home/nvidia/ros_ws/build/py_pubsub/prefix_override:/usr/lib/python3/dist-packages/colcon_core/task/python/colcon_distutils_commands:/home/nvidia/ros_ws/install/py_pubsub/lib/python3.12/site-packages:${PYTHONPATH} /usr/bin/python3 -W ignore:setup.py install is deprecated -W ignore:easy_install command is deprecated setup.py egg_info --egg-base ../../build/py_pubsub build --build-base /home/nvidia/ros_ws/build/py_pubsub/build install --record /home/nvidia/ros_ws/build/py_pubsub/install.log --install-scripts $base/lib/py_pubsub --single-version-externally-managed install_data
[3.398s] DEBUG:colcon.colcon_core.event_handler.log_command:Invoked command in '/home/nvidia/ros_ws/src/py_pubsub' returned '0': DEBUGINFOD_URLS=https://debuginfod.ubuntu.com PYTHONPATH=/home/nvidia/ros_ws/build/py_pubsub/prefix_override:/usr/lib/python3/dist-packages/colcon_core/task/python/colcon_distutils_commands:/home/nvidia/ros_ws/install/py_pubsub/lib/python3.12/site-packages:${PYTHONPATH} /usr/bin/python3 -W ignore:setup.py install is deprecated -W ignore:easy_install command is deprecated setup.py egg_info --egg-base ../../build/py_pubsub build --build-base /home/nvidia/ros_ws/build/py_pubsub/build install --record /home/nvidia/ros_ws/build/py_pubsub/install.log --install-scripts $base/lib/py_pubsub --single-version-externally-managed install_data
[3.402s] Level 1:colcon.colcon_core.environment:checking '/home/nvidia/ros_ws/install/py_pubsub' for CMake module files
[3.403s] Level 1:colcon.colcon_core.environment:checking '/home/nvidia/ros_ws/install/py_pubsub' for CMake config files
[3.404s] Level 1:colcon.colcon_core.environment:checking '/home/nvidia/ros_ws/install/py_pubsub/lib'
[3.404s] Level 1:colcon.colcon_core.environment:checking '/home/nvidia/ros_ws/install/py_pubsub/bin'
[3.404s] Level 1:colcon.colcon_core.environment:checking '/home/nvidia/ros_ws/install/py_pubsub/lib/pkgconfig/py_pubsub.pc'
[3.405s] Level 1:colcon.colcon_core.environment:checking '/home/nvidia/ros_ws/install/py_pubsub/lib/python3.12/site-packages'
[3.405s] Level 1:colcon.colcon_core.shell:create_environment_hook('py_pubsub', 'pythonpath')
[3.405s] INFO:colcon.colcon_core.shell:Creating environment hook '/home/nvidia/ros_ws/install/py_pubsub/share/py_pubsub/hook/pythonpath.ps1'
[3.406s] INFO:colcon.colcon_core.shell:Creating environment descriptor '/home/nvidia/ros_ws/install/py_pubsub/share/py_pubsub/hook/pythonpath.dsv'
[3.407s] INFO:colcon.colcon_core.shell:Creating environment hook '/home/nvidia/ros_ws/install/py_pubsub/share/py_pubsub/hook/pythonpath.sh'
[3.408s] Level 1:colcon.colcon_core.environment:checking '/home/nvidia/ros_ws/install/py_pubsub/bin'
[3.408s] Level 1:colcon.colcon_core.environment:create_environment_scripts_only(py_pubsub)
[3.409s] INFO:colcon.colcon_core.shell:Creating package script '/home/nvidia/ros_ws/install/py_pubsub/share/py_pubsub/package.ps1'
[3.411s] INFO:colcon.colcon_core.shell:Creating package descriptor '/home/nvidia/ros_ws/install/py_pubsub/share/py_pubsub/package.dsv'
[3.412s] INFO:colcon.colcon_core.shell:Creating package script '/home/nvidia/ros_ws/install/py_pubsub/share/py_pubsub/package.sh'
[3.413s] INFO:colcon.colcon_core.shell:Creating package script '/home/nvidia/ros_ws/install/py_pubsub/share/py_pubsub/package.bash'
[3.414s] INFO:colcon.colcon_core.shell:Creating package script '/home/nvidia/ros_ws/install/py_pubsub/share/py_pubsub/package.zsh'
[3.415s] Level 1:colcon.colcon_core.environment:create_file_with_runtime_dependencies(/home/nvidia/ros_ws/install/py_pubsub/share/colcon-core/packages/py_pubsub)
[3.416s] DEBUG:colcon.colcon_parallel_executor.executor.parallel:closing loop
[3.416s] DEBUG:colcon.colcon_parallel_executor.executor.parallel:loop closed
[3.416s] DEBUG:colcon.colcon_parallel_executor.executor.parallel:run_until_complete finished with '0'
[3.416s] DEBUG:colcon.colcon_core.event_reactor:joining thread
[3.438s] INFO:colcon.colcon_core.plugin_system:Skipping extension 'colcon_notification.desktop_notification.terminal_notifier': Not used on non-Darwin systems
[3.438s] INFO:colcon.colcon_core.plugin_system:Skipping extension 'colcon_notification.desktop_notification.win32': Not used on non-Windows systems
[3.439s] INFO:colcon.colcon_notification.desktop_notification:Sending desktop notification using 'notify2'
[3.472s] DEBUG:colcon.colcon_core.event_reactor:joined thread
[3.473s] INFO:colcon.colcon_core.shell:Creating prefix script '/home/nvidia/ros_ws/install/local_setup.ps1'
[3.475s] INFO:colcon.colcon_core.shell:Creating prefix util module '/home/nvidia/ros_ws/install/_local_setup_util_ps1.py'
[3.479s] INFO:colcon.colcon_core.shell:Creating prefix chain script '/home/nvidia/ros_ws/install/setup.ps1'
[3.481s] INFO:colcon.colcon_core.shell:Creating prefix script '/home/nvidia/ros_ws/install/local_setup.sh'
[3.482s] INFO:colcon.colcon_core.shell:Creating prefix util module '/home/nvidia/ros_ws/install/_local_setup_util_sh.py'
[3.483s] INFO:colcon.colcon_core.shell:Creating prefix chain script '/home/nvidia/ros_ws/install/setup.sh'
[3.485s] INFO:colcon.colcon_core.shell:Creating prefix script '/home/nvidia/ros_ws/install/local_setup.bash'
[3.486s] INFO:colcon.colcon_core.shell:Creating prefix chain script '/home/nvidia/ros_ws/install/setup.bash'
[3.487s] INFO:colcon.colcon_core.shell:Creating prefix script '/home/nvidia/ros_ws/install/local_setup.zsh'
[3.488s] INFO:colcon.colcon_core.shell:Creating prefix chain script '/home/nvidia/ros_ws/install/setup.zsh'
