running egg_info
creating ../../build/py_pubsub/py_pubsub.egg-info
writing ../../build/py_pubsub/py_pubsub.egg-info/PKG-INFO
writing dependency_links to ../../build/py_pubsub/py_pubsub.egg-info/dependency_links.txt
writing requirements to ../../build/py_pubsub/py_pubsub.egg-info/requires.txt
writing top-level names to ../../build/py_pubsub/py_pubsub.egg-info/top_level.txt
writing manifest file '../../build/py_pubsub/py_pubsub.egg-info/SOURCES.txt'
reading manifest file '../../build/py_pubsub/py_pubsub.egg-info/SOURCES.txt'
writing manifest file '../../build/py_pubsub/py_pubsub.egg-info/SOURCES.txt'
running build
running build_py
creating /home/nvidia/ros_ws/build/py_pubsub/build
creating /home/nvidia/ros_ws/build/py_pubsub/build/lib
creating /home/nvidia/ros_ws/build/py_pubsub/build/lib/py_pubsub
copying py_pubsub/publisher_member_function.py -> /home/nvidia/ros_ws/build/py_pubsub/build/lib/py_pubsub
copying py_pubsub/subscriber_member_function.py -> /home/nvidia/ros_ws/build/py_pubsub/build/lib/py_pubsub
copying py_pubsub/__init__.py -> /home/nvidia/ros_ws/build/py_pubsub/build/lib/py_pubsub
running install
running install_lib
creating /home/nvidia/ros_ws/install/py_pubsub/lib/python3.12/site-packages/py_pubsub
copying /home/nvidia/ros_ws/build/py_pubsub/build/lib/py_pubsub/publisher_member_function.py -> /home/nvidia/ros_ws/install/py_pubsub/lib/python3.12/site-packages/py_pubsub
copying /home/nvidia/ros_ws/build/py_pubsub/build/lib/py_pubsub/subscriber_member_function.py -> /home/nvidia/ros_ws/install/py_pubsub/lib/python3.12/site-packages/py_pubsub
copying /home/nvidia/ros_ws/build/py_pubsub/build/lib/py_pubsub/__init__.py -> /home/nvidia/ros_ws/install/py_pubsub/lib/python3.12/site-packages/py_pubsub
byte-compiling /home/nvidia/ros_ws/install/py_pubsub/lib/python3.12/site-packages/py_pubsub/publisher_member_function.py to publisher_member_function.cpython-312.pyc
byte-compiling /home/nvidia/ros_ws/install/py_pubsub/lib/python3.12/site-packages/py_pubsub/subscriber_member_function.py to subscriber_member_function.cpython-312.pyc
byte-compiling /home/nvidia/ros_ws/install/py_pubsub/lib/python3.12/site-packages/py_pubsub/__init__.py to __init__.cpython-312.pyc
running install_data
creating /home/nvidia/ros_ws/install/py_pubsub/share/ament_index
creating /home/nvidia/ros_ws/install/py_pubsub/share/ament_index/resource_index
creating /home/nvidia/ros_ws/install/py_pubsub/share/ament_index/resource_index/packages
copying resource/py_pubsub -> /home/nvidia/ros_ws/install/py_pubsub/share/ament_index/resource_index/packages
copying package.xml -> /home/nvidia/ros_ws/install/py_pubsub/share/py_pubsub
running install_egg_info
Copying ../../build/py_pubsub/py_pubsub.egg-info to /home/nvidia/ros_ws/install/py_pubsub/lib/python3.12/site-packages/py_pubsub-0.0.0-py3.12.egg-info
running install_scripts
writing list of installed files to '/home/nvidia/ros_ws/build/py_pubsub/install.log'
