[1.670s] Invoking command in '/home/nvidia/ros_ws/src/my_package': DEBUGINFOD_URLS=https://debuginfod.ubuntu.com PYTHONPATH=/home/nvidia/ros_ws/build/my_package/prefix_override:/usr/lib/python3/dist-packages/colcon_core/task/python/colcon_distutils_commands:/home/nvidia/ros_ws/install/my_package/lib/python3.12/site-packages:${PYTHONPATH} /usr/bin/python3 -W ignore:setup.py install is deprecated -W ignore:easy_install command is deprecated setup.py egg_info --egg-base ../../build/my_package build --build-base /home/nvidia/ros_ws/build/my_package/build install --record /home/nvidia/ros_ws/build/my_package/install.log --install-scripts $base/lib/my_package --single-version-externally-managed install_data
[2.161s] running egg_info
[2.162s] creating ../../build/my_package/my_package.egg-info
[2.197s] writing ../../build/my_package/my_package.egg-info/PKG-INFO
[2.198s] writing dependency_links to ../../build/my_package/my_package.egg-info/dependency_links.txt
[2.198s] writing entry points to ../../build/my_package/my_package.egg-info/entry_points.txt
[2.198s] writing requirements to ../../build/my_package/my_package.egg-info/requires.txt
[2.198s] writing top-level names to ../../build/my_package/my_package.egg-info/top_level.txt
[2.199s] writing manifest file '../../build/my_package/my_package.egg-info/SOURCES.txt'
[2.274s] reading manifest file '../../build/my_package/my_package.egg-info/SOURCES.txt'
[2.275s] writing manifest file '../../build/my_package/my_package.egg-info/SOURCES.txt'
[2.275s] running build
[2.275s] running build_py
[2.276s] creating /home/nvidia/ros_ws/build/my_package/build
[2.276s] creating /home/nvidia/ros_ws/build/my_package/build/lib
[2.276s] creating /home/nvidia/ros_ws/build/my_package/build/lib/my_package
[2.276s] copying my_package/my_node.py -> /home/nvidia/ros_ws/build/my_package/build/lib/my_package
[2.276s] copying my_package/__init__.py -> /home/nvidia/ros_ws/build/my_package/build/lib/my_package
[2.277s] running install
[2.288s] running install_lib
[2.325s] creating /home/nvidia/ros_ws/install/my_package/lib/python3.12/site-packages/my_package
[2.325s] copying /home/nvidia/ros_ws/build/my_package/build/lib/my_package/my_node.py -> /home/nvidia/ros_ws/install/my_package/lib/python3.12/site-packages/my_package
[2.326s] copying /home/nvidia/ros_ws/build/my_package/build/lib/my_package/__init__.py -> /home/nvidia/ros_ws/install/my_package/lib/python3.12/site-packages/my_package
[2.326s] byte-compiling /home/nvidia/ros_ws/install/my_package/lib/python3.12/site-packages/my_package/my_node.py to my_node.cpython-312.pyc
[2.327s] byte-compiling /home/nvidia/ros_ws/install/my_package/lib/python3.12/site-packages/my_package/__init__.py to __init__.cpython-312.pyc
[2.327s] running install_data
[2.327s] creating /home/nvidia/ros_ws/install/my_package/share/ament_index
[2.328s] creating /home/nvidia/ros_ws/install/my_package/share/ament_index/resource_index
[2.328s] creating /home/nvidia/ros_ws/install/my_package/share/ament_index/resource_index/packages
[2.328s] copying resource/my_package -> /home/nvidia/ros_ws/install/my_package/share/ament_index/resource_index/packages
[2.328s] copying package.xml -> /home/nvidia/ros_ws/install/my_package/share/my_package
[2.328s] running install_egg_info
[2.369s] Copying ../../build/my_package/my_package.egg-info to /home/nvidia/ros_ws/install/my_package/lib/python3.12/site-packages/my_package-0.0.0-py3.12.egg-info
[2.370s] running install_scripts
[2.620s] Installing my_node script to /home/nvidia/ros_ws/install/my_package/lib/my_package
[2.621s] writing list of installed files to '/home/nvidia/ros_ws/build/my_package/install.log'
[2.706s] Invoked command in '/home/nvidia/ros_ws/src/my_package' returned '0': DEBUGINFOD_URLS=https://debuginfod.ubuntu.com PYTHONPATH=/home/nvidia/ros_ws/build/my_package/prefix_override:/usr/lib/python3/dist-packages/colcon_core/task/python/colcon_distutils_commands:/home/nvidia/ros_ws/install/my_package/lib/python3.12/site-packages:${PYTHONPATH} /usr/bin/python3 -W ignore:setup.py install is deprecated -W ignore:easy_install command is deprecated setup.py egg_info --egg-base ../../build/my_package build --build-base /home/nvidia/ros_ws/build/my_package/build install --record /home/nvidia/ros_ws/build/my_package/install.log --install-scripts $base/lib/my_package --single-version-externally-managed install_data
