[1.695s] Invoking command in '/home/nvidia/ros_ws/src/py_srvcli': DEBUGINFOD_URLS=https://debuginfod.ubuntu.com PYTHONPATH=/home/nvidia/ros_ws/src/build/py_srvcli/prefix_override:/usr/lib/python3/dist-packages/colcon_core/task/python/colcon_distutils_commands:/home/nvidia/ros_ws/src/install/py_srvcli/lib/python3.12/site-packages:${PYTHONPATH} /usr/bin/python3 -W ignore:setup.py install is deprecated -W ignore:easy_install command is deprecated setup.py egg_info --egg-base ../build/py_srvcli build --build-base /home/nvidia/ros_ws/src/build/py_srvcli/build install --record /home/nvidia/ros_ws/src/build/py_srvcli/install.log --install-scripts $base/lib/py_srvcli --single-version-externally-managed install_data
[2.236s] running egg_info
[2.237s] creating ../build/py_srvcli/py_srvcli.egg-info
[2.273s] writing ../build/py_srvcli/py_srvcli.egg-info/PKG-INFO
[2.273s] writing dependency_links to ../build/py_srvcli/py_srvcli.egg-info/dependency_links.txt
[2.274s] writing entry points to ../build/py_srvcli/py_srvcli.egg-info/entry_points.txt
[2.274s] writing requirements to ../build/py_srvcli/py_srvcli.egg-info/requires.txt
[2.274s] writing top-level names to ../build/py_srvcli/py_srvcli.egg-info/top_level.txt
[2.274s] writing manifest file '../build/py_srvcli/py_srvcli.egg-info/SOURCES.txt'
[2.348s] reading manifest file '../build/py_srvcli/py_srvcli.egg-info/SOURCES.txt'
[2.349s] writing manifest file '../build/py_srvcli/py_srvcli.egg-info/SOURCES.txt'
[2.350s] running build
[2.350s] running build_py
[2.350s] creating /home/nvidia/ros_ws/src/build/py_srvcli/build
[2.350s] creating /home/nvidia/ros_ws/src/build/py_srvcli/build/lib
[2.351s] creating /home/nvidia/ros_ws/src/build/py_srvcli/build/lib/py_srvcli
[2.351s] copying py_srvcli/client_member_function.py -> /home/nvidia/ros_ws/src/build/py_srvcli/build/lib/py_srvcli
[2.351s] copying py_srvcli/service_member_function.py -> /home/nvidia/ros_ws/src/build/py_srvcli/build/lib/py_srvcli
[2.351s] copying py_srvcli/__init__.py -> /home/nvidia/ros_ws/src/build/py_srvcli/build/lib/py_srvcli
[2.351s] running install
[2.362s] running install_lib
[2.401s] creating /home/nvidia/ros_ws/src/install/py_srvcli/lib/python3.12/site-packages/py_srvcli
[2.402s] copying /home/nvidia/ros_ws/src/build/py_srvcli/build/lib/py_srvcli/client_member_function.py -> /home/nvidia/ros_ws/src/install/py_srvcli/lib/python3.12/site-packages/py_srvcli
[2.402s] copying /home/nvidia/ros_ws/src/build/py_srvcli/build/lib/py_srvcli/service_member_function.py -> /home/nvidia/ros_ws/src/install/py_srvcli/lib/python3.12/site-packages/py_srvcli
[2.402s] copying /home/nvidia/ros_ws/src/build/py_srvcli/build/lib/py_srvcli/__init__.py -> /home/nvidia/ros_ws/src/install/py_srvcli/lib/python3.12/site-packages/py_srvcli
[2.403s] byte-compiling /home/nvidia/ros_ws/src/install/py_srvcli/lib/python3.12/site-packages/py_srvcli/client_member_function.py to client_member_function.cpython-312.pyc
[2.404s] byte-compiling /home/nvidia/ros_ws/src/install/py_srvcli/lib/python3.12/site-packages/py_srvcli/service_member_function.py to service_member_function.cpython-312.pyc
[2.405s] byte-compiling /home/nvidia/ros_ws/src/install/py_srvcli/lib/python3.12/site-packages/py_srvcli/__init__.py to __init__.cpython-312.pyc
[2.405s] running install_data
[2.406s] creating /home/nvidia/ros_ws/src/install/py_srvcli/share/ament_index
[2.406s] creating /home/nvidia/ros_ws/src/install/py_srvcli/share/ament_index/resource_index
[2.406s] creating /home/nvidia/ros_ws/src/install/py_srvcli/share/ament_index/resource_index/packages
[2.406s] copying resource/py_srvcli -> /home/nvidia/ros_ws/src/install/py_srvcli/share/ament_index/resource_index/packages
[2.406s] copying package.xml -> /home/nvidia/ros_ws/src/install/py_srvcli/share/py_srvcli
[2.406s] running install_egg_info
[2.446s] Copying ../build/py_srvcli/py_srvcli.egg-info to /home/nvidia/ros_ws/src/install/py_srvcli/lib/python3.12/site-packages/py_srvcli-0.0.0-py3.12.egg-info
[2.449s] running install_scripts
[2.699s] Installing client script to /home/nvidia/ros_ws/src/install/py_srvcli/lib/py_srvcli
[2.699s] Installing service script to /home/nvidia/ros_ws/src/install/py_srvcli/lib/py_srvcli
[2.700s] writing list of installed files to '/home/nvidia/ros_ws/src/build/py_srvcli/install.log'
[2.783s] Invoked command in '/home/nvidia/ros_ws/src/py_srvcli' returned '0': DEBUGINFOD_URLS=https://debuginfod.ubuntu.com PYTHONPATH=/home/nvidia/ros_ws/src/build/py_srvcli/prefix_override:/usr/lib/python3/dist-packages/colcon_core/task/python/colcon_distutils_commands:/home/nvidia/ros_ws/src/install/py_srvcli/lib/python3.12/site-packages:${PYTHONPATH} /usr/bin/python3 -W ignore:setup.py install is deprecated -W ignore:easy_install command is deprecated setup.py egg_info --egg-base ../build/py_srvcli build --build-base /home/nvidia/ros_ws/src/build/py_srvcli/build install --record /home/nvidia/ros_ws/src/build/py_srvcli/install.log --install-scripts $base/lib/py_srvcli --single-version-externally-managed install_data
